Archive member included to satisfy reference by file (symbol)

c:/progra~2/gnuarm~1/102020~1/bin/../lib/gcc/arm-none-eabi/10.2.1/thumb/v6-m/nofp\libgcc.a(_dvmd_tls.o)
                              CMakeFiles/temperature.dir/C_/Pico/pico-sdk/src/rp2_common/pico_divider/divider.S.obj (__aeabi_idiv0)
c:/progra~2/gnuarm~1/102020~1/bin/../lib/gcc/arm-none-eabi/10.2.1/../../../../arm-none-eabi/lib/thumb/v6-m/nofp\libg.a(lib_a-calloc.o)
                              CMakeFiles/temperature.dir/C_/Pico/pico-sdk/src/rp2_common/pico_malloc/pico_malloc.c.obj (calloc)
c:/progra~2/gnuarm~1/102020~1/bin/../lib/gcc/arm-none-eabi/10.2.1/../../../../arm-none-eabi/lib/thumb/v6-m/nofp\libg.a(lib_a-callocr.o)
                              c:/progra~2/gnuarm~1/102020~1/bin/../lib/gcc/arm-none-eabi/10.2.1/../../../../arm-none-eabi/lib/thumb/v6-m/nofp\libg.a(lib_a-calloc.o) (_calloc_r)
c:/progra~2/gnuarm~1/102020~1/bin/../lib/gcc/arm-none-eabi/10.2.1/../../../../arm-none-eabi/lib/thumb/v6-m/nofp\libg.a(lib_a-ctype_.o)
                              CMakeFiles/temperature.dir/C_/Pico/pico-sdk/lib/tinyusb/src/tusb.c.obj (_ctype_)
c:/progra~2/gnuarm~1/102020~1/bin/../lib/gcc/arm-none-eabi/10.2.1/../../../../arm-none-eabi/lib/thumb/v6-m/nofp\libg.a(lib_a-impure.o)
                              c:/progra~2/gnuarm~1/102020~1/bin/../lib/gcc/arm-none-eabi/10.2.1/../../../../arm-none-eabi/lib/thumb/v6-m/nofp\libg.a(lib_a-calloc.o) (_impure_ptr)
c:/progra~2/gnuarm~1/102020~1/bin/../lib/gcc/arm-none-eabi/10.2.1/../../../../arm-none-eabi/lib/thumb/v6-m/nofp\libg.a(lib_a-init.o)
                              c:/progra~2/gnuarm~1/102020~1/bin/../lib/gcc/arm-none-eabi/10.2.1/../../../../arm-none-eabi/lib/thumb/v6-m/nofp/crt0.o (__libc_init_array)
c:/progra~2/gnuarm~1/102020~1/bin/../lib/gcc/arm-none-eabi/10.2.1/../../../../arm-none-eabi/lib/thumb/v6-m/nofp\libg.a(lib_a-malloc.o)
                              CMakeFiles/temperature.dir/C_/Pico/pico-sdk/src/rp2_common/pico_malloc/pico_malloc.c.obj (malloc)
c:/progra~2/gnuarm~1/102020~1/bin/../lib/gcc/arm-none-eabi/10.2.1/../../../../arm-none-eabi/lib/thumb/v6-m/nofp\libg.a(lib_a-mallocr.o)
                              c:/progra~2/gnuarm~1/102020~1/bin/../lib/gcc/arm-none-eabi/10.2.1/../../../../arm-none-eabi/lib/thumb/v6-m/nofp\libg.a(lib_a-callocr.o) (_malloc_r)
c:/progra~2/gnuarm~1/102020~1/bin/../lib/gcc/arm-none-eabi/10.2.1/../../../../arm-none-eabi/lib/thumb/v6-m/nofp\libg.a(lib_a-mlock.o)
                              c:/progra~2/gnuarm~1/102020~1/bin/../lib/gcc/arm-none-eabi/10.2.1/../../../../arm-none-eabi/lib/thumb/v6-m/nofp\libg.a(lib_a-mallocr.o) (__malloc_lock)
c:/progra~2/gnuarm~1/102020~1/bin/../lib/gcc/arm-none-eabi/10.2.1/../../../../arm-none-eabi/lib/thumb/v6-m/nofp\libg.a(lib_a-sbrkr.o)
                              c:/progra~2/gnuarm~1/102020~1/bin/../lib/gcc/arm-none-eabi/10.2.1/../../../../arm-none-eabi/lib/thumb/v6-m/nofp\libg.a(lib_a-mallocr.o) (_sbrk_r)
c:/progra~2/gnuarm~1/102020~1/bin/../lib/gcc/arm-none-eabi/10.2.1/../../../../arm-none-eabi/lib/thumb/v6-m/nofp\libg.a(lib_a-strlen-stub.o)
                              CMakeFiles/temperature.dir/C_/Pico/pico-sdk/src/rp2_common/pico_stdio/stdio.c.obj (strlen)
c:/progra~2/gnuarm~1/102020~1/bin/../lib/gcc/arm-none-eabi/10.2.1/../../../../arm-none-eabi/lib/thumb/v6-m/nofp\libg.a(lib_a-freer.o)
                              c:/progra~2/gnuarm~1/102020~1/bin/../lib/gcc/arm-none-eabi/10.2.1/../../../../arm-none-eabi/lib/thumb/v6-m/nofp\libg.a(lib_a-malloc.o) (_free_r)
c:/progra~2/gnuarm~1/102020~1/bin/../lib/gcc/arm-none-eabi/10.2.1/../../../../arm-none-eabi/lib/thumb/v6-m/nofp\libg.a(lib_a-lock.o)
                              c:/progra~2/gnuarm~1/102020~1/bin/../lib/gcc/arm-none-eabi/10.2.1/../../../../arm-none-eabi/lib/thumb/v6-m/nofp\libg.a(lib_a-mlock.o) (__retarget_lock_acquire_recursive)
c:/progra~2/gnuarm~1/102020~1/bin/../lib/gcc/arm-none-eabi/10.2.1/../../../../arm-none-eabi/lib/thumb/v6-m/nofp\libg.a(lib_a-reent.o)
                              c:/progra~2/gnuarm~1/102020~1/bin/../lib/gcc/arm-none-eabi/10.2.1/../../../../arm-none-eabi/lib/thumb/v6-m/nofp\libg.a(lib_a-sbrkr.o) (errno)

Discarded input sections

 .text          0x00000000        0x0 c:/progra~2/gnuarm~1/102020~1/bin/../lib/gcc/arm-none-eabi/10.2.1/thumb/v6-m/nofp/crti.o
 .data          0x00000000        0x0 c:/progra~2/gnuarm~1/102020~1/bin/../lib/gcc/arm-none-eabi/10.2.1/thumb/v6-m/nofp/crti.o
 .bss           0x00000000        0x0 c:/progra~2/gnuarm~1/102020~1/bin/../lib/gcc/arm-none-eabi/10.2.1/thumb/v6-m/nofp/crti.o
 .data          0x00000000        0x4 c:/progra~2/gnuarm~1/102020~1/bin/../lib/gcc/arm-none-eabi/10.2.1/thumb/v6-m/nofp/crtbegin.o
 .rodata        0x00000000       0x24 c:/progra~2/gnuarm~1/102020~1/bin/../lib/gcc/arm-none-eabi/10.2.1/thumb/v6-m/nofp/crtbegin.o
 .fini_array    0x00000000        0x4 c:/progra~2/gnuarm~1/102020~1/bin/../lib/gcc/arm-none-eabi/10.2.1/thumb/v6-m/nofp/crtbegin.o
[...]
Memory Configuration

Name             Origin             Length             Attributes
FLASH            0x10000000         0x00200000         xr
RAM              0x20000000         0x00040000         xrw
SCRATCH_X        0x20040000         0x00001000         xrw
SCRATCH_Y        0x20041000         0x00001000         xrw
*default*        0x00000000         0xffffffff

Linker script and memory map

LOAD c:/progra~2/gnuarm~1/102020~1/bin/../lib/gcc/arm-none-eabi/10.2.1/thumb/v6-m/nofp/crti.o
LOAD c:/progra~2/gnuarm~1/102020~1/bin/../lib/gcc/arm-none-eabi/10.2.1/thumb/v6-m/nofp/crtbegin.o
LOAD c:/progra~2/gnuarm~1/102020~1/bin/../lib/gcc/arm-none-eabi/10.2.1/../../../../arm-none-eabi/lib/thumb/v6-m/nofp/crt0.o

.flash_begin    0x10000000        0x0
                0x10000000                __flash_binary_start = .

.boot2          0x10000000      0x100
                0x10000000                __boot2_start__ = .
 *(.boot2)
 .boot2         0x10000000      0x100 C:\Users\Lenovo\AppData\Local\Temp\ccg1AnWG.o
                0x10000100                __boot2_end__ = .
                0x00000001                ASSERT (((__boot2_end__ - __boot2_start__) == 0x100), ERROR: Pico second stage bootloader must be 256 bytes in size)

.text           0x10000100     0x7080
                0x10000100                __logical_binary_start = .
 *(.vectors)
 .vectors       0x10000100       0xd4 CMakeFiles/temperature.dir/C_/Pico/pico-sdk/src/rp2_common/pico_standard_link/crt0.S.obj
                0x10000100                __VECTOR_TABLE
                0x10000100                __vectors
                0x100001c0                isr_invalid
                0x100001c0                __default_isrs_start
                0x100001c2                isr_nmi
                0x100001c4                isr_hardfault
                0x100001c6                isr_svcall
                0x100001c8                isr_pendsv
                0x100001ca                isr_systick
                0x100001cc                isr_irq23
                0x100001cc                isr_irq18
                0x100001cc                isr_irq11
                0x100001cc                isr_irq28
                0x100001cc                isr_irq19
                0x100001cc                isr_irq0
                0x100001cc                isr_irq6
                0x100001cc                isr_irq5
                0x100001cc                isr_irq12
                0x100001cc                isr_irq22
                0x100001cc                isr_irq31
                0x100001cc                isr_irq17
                0x100001cc                isr_irq27
                0x100001cc                isr_irq30
                0x100001cc                isr_irq2
                0x100001cc                isr_irq10
                0x100001cc                isr_irq8
                0x100001cc                isr_irq24
                0x100001cc                isr_irq1
                0x100001cc                isr_irq7
                0x100001cc                isr_irq21
                0x100001cc                isr_irq20
                0x100001cc                isr_irq15
                0x100001cc                isr_irq25
                0x100001cc                isr_irq13
                0x100001cc                __unhandled_user_irq
                0x100001cc                isr_irq4
                0x100001cc                isr_irq16
                0x100001cc                isr_irq29
                0x100001cc                isr_irq26
                0x100001cc                __default_isrs_end
                0x100001cc                isr_irq3
                0x100001cc                isr_irq14
                0x100001cc                isr_irq9
                0x100001d2                unhandled_user_irq_num_in_r0
 *(.binary_info_header)
 .binary_info_header
                0x100001d4       0x14 CMakeFiles/temperature.dir/C_/Pico/pico-sdk/src/rp2_common/pico_standard_link/crt0.S.obj
                0x100001e8                __binary_info_header_end = .
 *(.reset)
 .reset         0x100001e8       0xa8 CMakeFiles/temperature.dir/C_/Pico/pico-sdk/src/rp2_common/pico_standard_link/crt0.S.obj
                0x100001e8                _entry_point
                0x10000266                __get_current_exception
 .reset         0x10000290       0x30 CMakeFiles/temperature.dir/C_/Pico/pico-sdk/src/rp2_common/pico_standard_link/binary_info.c.obj
 *(.init)
 .init          0x100002c0        0x4 c:/progra~2/gnuarm~1/102020~1/bin/../lib/gcc/arm-none-eabi/10.2.1/thumb/v6-m/nofp/crti.o
                0x100002c0                _init
 *(EXCLUDE_FILE(*libm.a: *libc.a:*lib_a-mem*.o *libgcc.a:) .text*)
 .text          0x100002c4       0x48 c:/progra~2/gnuarm~1/102020~1/bin/../lib/gcc/arm-none-eabi/10.2.1/thumb/v6-m/nofp/crtbegin.o
 .text.main     0x1000030c       0xa8 CMakeFiles/temperature.dir/temperature.c.obj
                0x1000030c                main
 .text.hw_claim_lock
                0x100003b4       0x18 CMakeFiles/temperature.dir/C_/Pico/pico-sdk/src/rp2_common/hardware_claim/claim.c.obj
                0x100003b4                hw_claim_lock
 .text.hw_claim_unlock
                0x100003cc       0x14 CMakeFiles/temperature.dir/C_/Pico/pico-sdk/src/rp2_common/hardware_claim/claim.c.obj
                0x100003cc                hw_claim_unlock
 .text.hw_claim_or_assert
                0x100003e0       0x32 CMakeFiles/temperature.dir/C_/Pico/pico-sdk/src/rp2_common/hardware_claim/claim.c.obj
                0x100003e0                hw_claim_or_assert
 .text.hw_claim_unused_from_range
                0x10000412       0x50 CMakeFiles/temperature.dir/C_/Pico/pico-sdk/src/rp2_common/hardware_claim/claim.c.obj
                0x10000412                hw_claim_unused_from_range
 *fill*         0x10000462        0x2 
 .text.running_on_fpga
                0x10000464       0x14 CMakeFiles/temperature.dir/C_/Pico/pico-sdk/src/rp2_common/pico_platform/platform.c.obj
                0x10000464                running_on_fpga
 .text.spin_locks_reset
                0x10000478       0x20 CMakeFiles/temperature.dir/C_/Pico/pico-sdk/src/rp2_common/hardware_sync/sync.c.obj
                0x10000478                spin_locks_reset
 .text.next_striped_spin_lock_num
                0x10000498       0x1c CMakeFiles/temperature.dir/C_/Pico/pico-sdk/src/rp2_common/hardware_sync/sync.c.obj
                0x10000498                next_striped_spin_lock_num
 .text.spin_lock_claim_unused
                0x100004b4       0x20 CMakeFiles/temperature.dir/C_/Pico/pico-sdk/src/rp2_common/hardware_sync/sync.c.obj
                0x100004b4                spin_lock_claim_unused
 .text.alarm_pool_post_alloc_init
                0x100004d4       0x40 CMakeFiles/temperature.dir/C_/Pico/pico-sdk/src/common/pico_time/time.c.obj
 .text.sleep_until_callback
                0x10000514       0x30 CMakeFiles/temperature.dir/C_/Pico/pico-sdk/src/common/pico_time/time.c.obj
 .text.timer_pool_entry_comparator
                0x10000544       0x7c CMakeFiles/temperature.dir/C_/Pico/pico-sdk/src/common/pico_time/time.c.obj
                0x10000544                timer_pool_entry_comparator
 .text.ph_add_child_node
                0x100005c0       0xa4 CMakeFiles/temperature.dir/C_/Pico/pico-sdk/src/common/pico_time/time.c.obj
 .text.ph_merge_nodes
                0x10000664       0x3e CMakeFiles/temperature.dir/C_/Pico/pico-sdk/src/common/pico_time/time.c.obj
 *fill*         0x100006a2        0x2 
 .text.add_alarm_under_lock
                0x100006a4      0x174 CMakeFiles/temperature.dir/C_/Pico/pico-sdk/src/common/pico_time/time.c.obj
 .text.alarm_pool_alarm_callback
                0x10000818      0x328 CMakeFiles/temperature.dir/C_/Pico/pico-sdk/src/common/pico_time/time.c.obj
 .text.alarm_pool_init_default
                0x10000b40       0x38 CMakeFiles/temperature.dir/C_/Pico/pico-sdk/src/common/pico_time/time.c.obj
                0x10000b40                alarm_pool_init_default
 .text.alarm_pool_get_default
                0x10000b78       0x2c CMakeFiles/temperature.dir/C_/Pico/pico-sdk/src/common/pico_time/time.c.obj
                0x10000b78                alarm_pool_get_default
 .text.alarm_pool_add_alarm_at
                0x10000ba4      0x170 CMakeFiles/temperature.dir/C_/Pico/pico-sdk/src/common/pico_time/time.c.obj
                0x10000ba4                alarm_pool_add_alarm_at
 .text.alarm_pool_cancel_alarm
                0x10000d14       0xf0 CMakeFiles/temperature.dir/C_/Pico/pico-sdk/src/common/pico_time/time.c.obj
                0x10000d14                alarm_pool_cancel_alarm
 .text.sleep_until
                0x10000e04       0xfc CMakeFiles/temperature.dir/C_/Pico/pico-sdk/src/common/pico_time/time.c.obj
                0x10000e04                sleep_until
 .text.sleep_us
                0x10000f00       0x58 CMakeFiles/temperature.dir/C_/Pico/pico-sdk/src/common/pico_time/time.c.obj
                0x10000f00                sleep_us
 .text.sleep_ms
                0x10000f58       0x14 CMakeFiles/temperature.dir/C_/Pico/pico-sdk/src/common/pico_time/time.c.obj
                0x10000f58                sleep_ms
 .text.best_effort_wfe_or_timeout
                0x10000f6c       0x80 CMakeFiles/temperature.dir/C_/Pico/pico-sdk/src/common/pico_time/time.c.obj
                0x10000f6c                best_effort_wfe_or_timeout
 .text.hardware_alarm_irq_handler
                0x10000fec       0x8c CMakeFiles/temperature.dir/C_/Pico/pico-sdk/src/rp2_common/hardware_timer/timer.c.obj
 .text.hardware_alarm_claim
                0x10001078       0x18 CMakeFiles/temperature.dir/C_/Pico/pico-sdk/src/rp2_common/hardware_timer/timer.c.obj
                0x10001078                hardware_alarm_claim
 .text.time_us_64
                0x10001090       0x18 CMakeFiles/temperature.dir/C_/Pico/pico-sdk/src/rp2_common/hardware_timer/timer.c.obj
                0x10001090                time_us_64
 .text.busy_wait_until
                0x100010a8       0x28 CMakeFiles/temperature.dir/C_/Pico/pico-sdk/src/rp2_common/hardware_timer/timer.c.obj
                0x100010a8                busy_wait_until
 .text.hardware_alarm_set_callback
                0x100010d0       0x90 CMakeFiles/temperature.dir/C_/Pico/pico-sdk/src/rp2_common/hardware_timer/timer.c.obj
                0x100010d0                hardware_alarm_set_callback
 .text.hardware_alarm_set_target
                0x10001160       0xe8 CMakeFiles/temperature.dir/C_/Pico/pico-sdk/src/rp2_common/hardware_timer/timer.c.obj
                0x10001160                hardware_alarm_set_target
 .text.hardware_alarm_cancel
                0x10001248       0x40 CMakeFiles/temperature.dir/C_/Pico/pico-sdk/src/rp2_common/hardware_timer/timer.c.obj
                0x10001248                hardware_alarm_cancel
 .text.lock_init
                0x10001288       0x10 CMakeFiles/temperature.dir/C_/Pico/pico-sdk/src/common/pico_sync/lock_core.c.obj
                0x10001288                lock_init
 .text.mutex_init
                0x10001298       0x1a CMakeFiles/temperature.dir/C_/Pico/pico-sdk/src/common/pico_sync/mutex.c.obj
                0x10001298                mutex_init
 .text.recursive_mutex_init
                0x100012b2       0x1e CMakeFiles/temperature.dir/C_/Pico/pico-sdk/src/common/pico_sync/mutex.c.obj
                0x100012b2                recursive_mutex_init
 .text.critical_section_init_with_lock_num
                0x100012d0       0x14 CMakeFiles/temperature.dir/C_/Pico/pico-sdk/src/common/pico_sync/critical_section.c.obj
                0x100012d0                critical_section_init_with_lock_num
 .text.critical_section_init
                0x100012e4       0x14 CMakeFiles/temperature.dir/C_/Pico/pico-sdk/src/common/pico_sync/critical_section.c.obj
                0x100012e4                critical_section_init
 .text.ph_add_child_node
                0x100012f8       0xa4 CMakeFiles/temperature.dir/C_/Pico/pico-sdk/src/common/pico_util/pheap.c.obj
 .text.ph_merge_nodes
                0x1000139c       0x3e CMakeFiles/temperature.dir/C_/Pico/pico-sdk/src/common/pico_util/pheap.c.obj
 *fill*         0x100013da        0x2 
 .text.ph_clear
                0x100013dc       0x70 CMakeFiles/temperature.dir/C_/Pico/pico-sdk/src/common/pico_util/pheap.c.obj
                0x100013dc                ph_clear
 .text.ph_post_alloc_init
                0x1000144c        0xe CMakeFiles/temperature.dir/C_/Pico/pico-sdk/src/common/pico_util/pheap.c.obj
                0x1000144c                ph_post_alloc_init
 *fill*         0x1000145a        0x2 
 .text.ph_merge_two_pass
                0x1000145c       0xa8 CMakeFiles/temperature.dir/C_/Pico/pico-sdk/src/common/pico_util/pheap.c.obj
                0x1000145c                ph_merge_two_pass
 .text.ph_remove_any_head
                0x10001504      0x108 CMakeFiles/temperature.dir/C_/Pico/pico-sdk/src/common/pico_util/pheap.c.obj
 .text.ph_remove_head
                0x1000160c       0x14 CMakeFiles/temperature.dir/C_/Pico/pico-sdk/src/common/pico_util/pheap.c.obj
                0x1000160c                ph_remove_head
 .text.ph_remove_and_free_node
                0x10001620       0xf8 CMakeFiles/temperature.dir/C_/Pico/pico-sdk/src/common/pico_util/pheap.c.obj
                0x10001620                ph_remove_and_free_node
 .text._exit    0x10001718        0x4 CMakeFiles/temperature.dir/C_/Pico/pico-sdk/src/rp2_common/pico_runtime/runtime.c.obj
                0x10001718                _exit
 .text.exit     0x1000171c        0x6 CMakeFiles/temperature.dir/C_/Pico/pico-sdk/src/rp2_common/pico_runtime/runtime.c.obj
                0x1000171c                exit
 *fill*         0x10001722        0x2 
 .text.__assert_func
                0x10001724       0x3c CMakeFiles/temperature.dir/C_/Pico/pico-sdk/src/rp2_common/pico_runtime/runtime.c.obj
                0x10001724                __assert_func
 .text.runtime_init
                0x10001760       0xf8 CMakeFiles/temperature.dir/C_/Pico/pico-sdk/src/rp2_common/pico_runtime/runtime.c.obj
                0x10001760                runtime_init
 .text.panic    0x10001858       0x30 CMakeFiles/temperature.dir/C_/Pico/pico-sdk/src/rp2_common/pico_runtime/runtime.c.obj
                0x10001858                panic
 .text.clock_configure
                0x10001888      0x104 CMakeFiles/temperature.dir/C_/Pico/pico-sdk/src/rp2_common/hardware_clocks/clocks.c.obj
                0x10001888                clock_configure
 .text.clocks_init
                0x1000198c      0x100 CMakeFiles/temperature.dir/C_/Pico/pico-sdk/src/rp2_common/hardware_clocks/clocks.c.obj
                0x1000198c                clocks_init
 .text.set_raw_irq_handler_and_unlock
                0x10001a8c       0x28 CMakeFiles/temperature.dir/C_/Pico/pico-sdk/src/rp2_common/hardware_irq/irq.c.obj
 .text.make_branch
                0x10001ab4       0x34 CMakeFiles/temperature.dir/C_/Pico/pico-sdk/src/rp2_common/hardware_irq/irq.c.obj
 .text.insert_branch_and_link
                0x10001ae8       0x40 CMakeFiles/temperature.dir/C_/Pico/pico-sdk/src/rp2_common/hardware_irq/irq.c.obj
 .text.irq_is_enabled
                0x10001b28       0x18 CMakeFiles/temperature.dir/C_/Pico/pico-sdk/src/rp2_common/hardware_irq/irq.c.obj
                0x10001b28                irq_is_enabled
 .text.irq_set_mask_enabled
                0x10001b40       0x20 CMakeFiles/temperature.dir/C_/Pico/pico-sdk/src/rp2_common/hardware_irq/irq.c.obj
                0x10001b40                irq_set_mask_enabled
 .text.irq_set_enabled
                0x10001b60        0xe CMakeFiles/temperature.dir/C_/Pico/pico-sdk/src/rp2_common/hardware_irq/irq.c.obj
                0x10001b60                irq_set_enabled
 *fill*         0x10001b6e        0x2 
 .text.irq_set_pending
                0x10001b70       0x10 CMakeFiles/temperature.dir/C_/Pico/pico-sdk/src/rp2_common/hardware_irq/irq.c.obj
                0x10001b70                irq_set_pending
 .text.irq_get_vtable_handler
                0x10001b80       0x10 CMakeFiles/temperature.dir/C_/Pico/pico-sdk/src/rp2_common/hardware_irq/irq.c.obj
                0x10001b80                irq_get_vtable_handler
 .text.irq_set_exclusive_handler
                0x10001b90       0x54 CMakeFiles/temperature.dir/C_/Pico/pico-sdk/src/rp2_common/hardware_irq/irq.c.obj
                0x10001b90                irq_set_exclusive_handler
 .text.irq_remove_handler
                0x10001be4      0x1ac CMakeFiles/temperature.dir/C_/Pico/pico-sdk/src/rp2_common/hardware_irq/irq.c.obj
                0x10001be4                irq_remove_handler
 .text.irq_add_tail_to_free_list
                0x10001d90       0xf0 CMakeFiles/temperature.dir/C_/Pico/pico-sdk/src/rp2_common/hardware_irq/irq.c.obj
                0x10001d90                irq_add_tail_to_free_list
 .text.irq_init_priorities
                0x10001e80       0x1c CMakeFiles/temperature.dir/C_/Pico/pico-sdk/src/rp2_common/hardware_irq/irq.c.obj
                0x10001e80                irq_init_priorities
 .text.pll_init
                0x10001e9c      0x118 CMakeFiles/temperature.dir/C_/Pico/pico-sdk/src/rp2_common/hardware_pll/pll.c.obj
                0x10001e9c                pll_init
 .text.watchdog_start_tick
                0x10001fb4       0x10 CMakeFiles/temperature.dir/C_/Pico/pico-sdk/src/rp2_common/hardware_watchdog/watchdog.c.obj
                0x10001fb4                watchdog_start_tick
 .text.watchdog_update
                0x10001fc4       0x14 CMakeFiles/temperature.dir/C_/Pico/pico-sdk/src/rp2_common/hardware_watchdog/watchdog.c.obj
                0x10001fc4                watchdog_update
 .text._watchdog_enable
                0x10001fd8       0x78 CMakeFiles/temperature.dir/C_/Pico/pico-sdk/src/rp2_common/hardware_watchdog/watchdog.c.obj
                0x10001fd8                _watchdog_enable
 .text.watchdog_reboot
                0x10002050       0x48 CMakeFiles/temperature.dir/C_/Pico/pico-sdk/src/rp2_common/hardware_watchdog/watchdog.c.obj
                0x10002050                watchdog_reboot
 .text.xosc_init
                0x10002098       0x28 CMakeFiles/temperature.dir/C_/Pico/pico-sdk/src/rp2_common/hardware_xosc/xosc.c.obj
                0x10002098                xosc_init
 .text._out_null
                0x100020c0        0x2 CMakeFiles/temperature.dir/C_/Pico/pico-sdk/src/rp2_common/pico_printf/printf.c.obj
 .text._out_fct
                0x100020c2        0xe CMakeFiles/temperature.dir/C_/Pico/pico-sdk/src/rp2_common/pico_printf/printf.c.obj
 .text._atoi    0x100020d0       0x24 CMakeFiles/temperature.dir/C_/Pico/pico-sdk/src/rp2_common/pico_printf/printf.c.obj
 .text._out_rev
                0x100020f4       0xae CMakeFiles/temperature.dir/C_/Pico/pico-sdk/src/rp2_common/pico_printf/printf.c.obj
 .text._ntoa_format
                0x100021a2      0x112 CMakeFiles/temperature.dir/C_/Pico/pico-sdk/src/rp2_common/pico_printf/printf.c.obj
 .text._ntoa_long
                0x100022b4       0xbc CMakeFiles/temperature.dir/C_/Pico/pico-sdk/src/rp2_common/pico_printf/printf.c.obj
 .text._ntoa_long_long
                0x10002370       0xe2 CMakeFiles/temperature.dir/C_/Pico/pico-sdk/src/rp2_common/pico_printf/printf.c.obj
 *fill*         0x10002452        0x2 
 .text._etoa    0x10002454      0x414 CMakeFiles/temperature.dir/C_/Pico/pico-sdk/src/rp2_common/pico_printf/printf.c.obj
 .text._ftoa    0x10002868      0x354 CMakeFiles/temperature.dir/C_/Pico/pico-sdk/src/rp2_common/pico_printf/printf.c.obj
 .text._vsnprintf
                0x10002bbc      0x624 CMakeFiles/temperature.dir/C_/Pico/pico-sdk/src/rp2_common/pico_printf/printf.c.obj
 .text.vfctprintf
                0x100031e0       0x20 CMakeFiles/temperature.dir/C_/Pico/pico-sdk/src/rp2_common/pico_printf/printf.c.obj
                0x100031e0                vfctprintf
 .text          0x10003200       0x10 CMakeFiles/temperature.dir/C_/Pico/pico-sdk/src/rp2_common/pico_bit_ops/bit_ops_aeabi.S.obj
 .text.rom_func_lookup
                0x10003210       0x10 CMakeFiles/temperature.dir/C_/Pico/pico-sdk/src/rp2_common/pico_bootrom/bootrom.c.obj
                0x10003210                rom_func_lookup
 .text.rom_data_lookup
                0x10003220       0x10 CMakeFiles/temperature.dir/C_/Pico/pico-sdk/src/rp2_common/pico_bootrom/bootrom.c.obj
                0x10003220                rom_data_lookup
 .text.rom_funcs_lookup
                0x10003230       0x36 CMakeFiles/temperature.dir/C_/Pico/pico-sdk/src/rp2_common/pico_bootrom/bootrom.c.obj
                0x10003230                rom_funcs_lookup
 *fill*         0x10003266        0x2 
 .text.__wrap___aeabi_idiv
                0x10003268       0x50 CMakeFiles/temperature.dir/C_/Pico/pico-sdk/src/rp2_common/pico_divider/divider.S.obj
                0x10003268                __wrap___aeabi_idivmod
                0x10003268                divmod_s32s32
                0x10003268                div_s32s32
                0x10003268                __wrap___aeabi_idiv
                0x10003270                divmod_s32s32_unsafe
                0x1000329c                divmod_s32s32_savestate
 .text.__wrap___aeabi_uidiv
                0x100032b8       0x4c CMakeFiles/temperature.dir/C_/Pico/pico-sdk/src/rp2_common/pico_divider/divider.S.obj
                0x100032b8                __wrap___aeabi_uidiv
                0x100032b8                __wrap___aeabi_uidivmod
                0x100032b8                div_u32u32
                0x100032b8                divmod_u32u32
                0x100032c0                divmod_u32u32_unsafe
                0x100032e8                divmod_u32u32_savestate
 .text.__wrap___aeabi_ldiv
                0x10003304      0x434 CMakeFiles/temperature.dir/C_/Pico/pico-sdk/src/rp2_common/pico_divider/divider.S.obj
                0x10003304                div_s64s64
                0x10003304                divmod_s64s64
                0x10003304                __wrap___aeabi_ldivmod
                0x1000333c                divmod_u64u64
                0x1000333c                div_u64u64
                0x1000333c                __wrap___aeabi_uldivmod
                0x1000334c                divmod_u64u64_savestate
                0x10003374                divmod_s64s64_unsafe
                0x100033fc                divmod_u64u64_unsafe
 .text.__wrap___aeabi_darithmetic
                0x10003738       0x80 CMakeFiles/temperature.dir/C_/Pico/pico-sdk/src/rp2_common/pico_double/double_aeabi.S.obj
                0x10003738                __wrap___aeabi_drsub
                0x1000373e                __wrap___aeabi_dsub
                0x10003750                __wrap___aeabi_dadd
                0x10003762                __wrap___aeabi_ddiv
                0x1000379e                __wrap___aeabi_dmul
 .text.__wrap___aeabi_cdcmple
                0x100037b8       0x6c CMakeFiles/temperature.dir/C_/Pico/pico-sdk/src/rp2_common/pico_double/double_aeabi.S.obj
                0x100037b8                __wrap___aeabi_cdrcmple
                0x100037c8                __wrap___aeabi_cdcmpeq
                0x100037c8                __wrap___aeabi_cdcmple
 .text.__wrap___aeabi_dcmplt
                0x10003824        0xc CMakeFiles/temperature.dir/C_/Pico/pico-sdk/src/rp2_common/pico_double/double_aeabi.S.obj
                0x10003824                __wrap___aeabi_dcmplt
 .text.__wrap___aeabi_dcmple
                0x10003830       0x10 CMakeFiles/temperature.dir/C_/Pico/pico-sdk/src/rp2_common/pico_double/double_aeabi.S.obj
                0x10003830                __wrap___aeabi_dcmple
 .text.__wrap___aeabi_dcmpge
                0x10003840       0x10 CMakeFiles/temperature.dir/C_/Pico/pico-sdk/src/rp2_common/pico_double/double_aeabi.S.obj
                0x10003840                __wrap___aeabi_dcmpge
 .text.__wrap___aeabi_dcmpgt
                0x10003850        0xa CMakeFiles/temperature.dir/C_/Pico/pico-sdk/src/rp2_common/pico_double/double_aeabi.S.obj
                0x10003850                __wrap___aeabi_dcmpgt
 .text.__wrap___aeabi_dcmpun
                0x1000385a       0x1c CMakeFiles/temperature.dir/C_/Pico/pico-sdk/src/rp2_common/pico_double/double_aeabi.S.obj
                0x1000385a                __wrap___aeabi_dcmpun
 *fill*         0x10003876        0x2 
 .text.__wrap___aeabi_i2d
                0x10003878       0x38 CMakeFiles/temperature.dir/C_/Pico/pico-sdk/src/rp2_common/pico_double/double_aeabi.S.obj
                0x10003878                __wrap___aeabi_ui2d
                0x10003880                __wrap___aeabi_i2d
 .text.__wrap___aeabi_d2iz
                0x100038b0       0x48 CMakeFiles/temperature.dir/C_/Pico/pico-sdk/src/rp2_common/pico_double/double_aeabi.S.obj
                0x100038b0                double2int_z
                0x100038b0                __wrap___aeabi_d2iz
 .text.__wrap___aeabi_d2uiz
                0x100038f8       0x18 CMakeFiles/temperature.dir/C_/Pico/pico-sdk/src/rp2_common/pico_double/double_aeabi.S.obj
                0x100038f8                __wrap___aeabi_d2uiz
                0x100038f8                double2uint
 .text.__wrap___aeabi_d2f
                0x10003910       0x18 CMakeFiles/temperature.dir/C_/Pico/pico-sdk/src/rp2_common/pico_double/double_aeabi.S.obj
                0x10003910                __wrap___aeabi_d2f
 .text.__aeabi_double_init
                0x10003928       0xc8 CMakeFiles/temperature.dir/C_/Pico/pico-sdk/src/rp2_common/pico_double/double_init_rom.c.obj
                0x10003928                __aeabi_double_init
 .text.double_table_shim_on_use_helper
                0x100039f0       0x34 CMakeFiles/temperature.dir/C_/Pico/pico-sdk/src/rp2_common/pico_double/double_v1_rom_shim.S.obj
                0x100039f0                double_table_shim_on_use_helper
 .text.__wrap___aeabi_dsub
                0x10003a24       0x10 CMakeFiles/temperature.dir/C_/Pico/pico-sdk/src/rp2_common/pico_double/double_v1_rom_shim.S.obj
                0x10003a24                drsub_shim
                0x10003a2a                dsub_shim
 .text.dadd_shim
                0x10003a34      0x15c CMakeFiles/temperature.dir/C_/Pico/pico-sdk/src/rp2_common/pico_double/double_v1_rom_shim.S.obj
                0x10003a34                dadd_shim
 .text.dmul_shim
                0x10003b90      0x15c CMakeFiles/temperature.dir/C_/Pico/pico-sdk/src/rp2_common/pico_double/double_v1_rom_shim.S.obj
                0x10003b90                dmul_shim
 .text.ddiv_shim
                0x10003cec      0x1b0 CMakeFiles/temperature.dir/C_/Pico/pico-sdk/src/rp2_common/pico_double/double_v1_rom_shim.S.obj
                0x10003cec                ddiv_shim
 .text.double2uint_shim
                0x10003e9c        0xe CMakeFiles/temperature.dir/C_/Pico/pico-sdk/src/rp2_common/pico_double/double_v1_rom_shim.S.obj
                0x10003e9c                double2uint_shim
                0x10003e9e                double2ufix_shim
 *fill*         0x10003eaa        0x2 
 .text.double2uint64_shim
                0x10003eac       0x70 CMakeFiles/temperature.dir/C_/Pico/pico-sdk/src/rp2_common/pico_double/double_v1_rom_shim.S.obj
                0x10003eac                double2uint64_shim
                0x10003eae                double2ufix64_shim
                0x10003ece                d2fix_a
 .text.double2float_shim
                0x10003f1c       0x5c CMakeFiles/temperature.dir/C_/Pico/pico-sdk/src/rp2_common/pico_double/double_v1_rom_shim.S.obj
                0x10003f1c                double2float_shim
 .text.dunpacks
                0x10003f78       0x3c CMakeFiles/temperature.dir/C_/Pico/pico-sdk/src/rp2_common/pico_double/double_v1_rom_shim.S.obj
                0x10003f78                dunpacks
 .text.__aeabi_lmul
                0x10003fb4       0x32 CMakeFiles/temperature.dir/C_/Pico/pico-sdk/src/rp2_common/pico_int64_ops/pico_int64_ops_aeabi.S.obj
                0x10003fb4                __wrap___aeabi_lmul
 *fill*         0x10003fe6        0x2 
 .text.__wrap___aeabi_farithmetic
                0x10003fe8       0x58 CMakeFiles/temperature.dir/C_/Pico/pico-sdk/src/rp2_common/pico_float/float_aeabi.S.obj
                0x10003fe8                __wrap___aeabi_frsub
                0x10003fee                __wrap___aeabi_fsub
                0x10003ff8                __wrap___aeabi_fadd
                0x10004002                __wrap___aeabi_fdiv
                0x1000402e                __wrap___aeabi_fmul
 .text.__wrap___aeabi_i2f
                0x10004040       0x44 CMakeFiles/temperature.dir/C_/Pico/pico-sdk/src/rp2_common/pico_float/float_aeabi.S.obj
                0x10004040                __wrap___aeabi_i2f
 .text.__wrap___aeabi_f2d
                0x10004084       0x14 CMakeFiles/temperature.dir/C_/Pico/pico-sdk/src/rp2_common/pico_float/float_aeabi.S.obj
                0x10004084                __wrap___aeabi_f2d
 .text.__aeabi_float_init
                0x10004098       0xfc CMakeFiles/temperature.dir/C_/Pico/pico-sdk/src/rp2_common/pico_float/float_init_rom.c.obj
                0x10004098                __aeabi_float_init
 .text.float_table_shim_on_use_helper
                0x10004194       0x34 CMakeFiles/temperature.dir/C_/Pico/pico-sdk/src/rp2_common/pico_float/float_v1_rom_shim.S.obj
                0x10004194                float_table_shim_on_use_helper
 .text.float2double_shim
                0x100041c8       0x30 CMakeFiles/temperature.dir/C_/Pico/pico-sdk/src/rp2_common/pico_float/float_v1_rom_shim.S.obj
                0x100041c8                float2double_shim
 .text          0x100041f8       0x10 CMakeFiles/temperature.dir/C_/Pico/pico-sdk/src/rp2_common/pico_mem_ops/mem_ops_aeabi.S.obj
                0x100041f8                __aeabi_mem_init
 .text.memset   0x10004208        0xc CMakeFiles/temperature.dir/C_/Pico/pico-sdk/src/rp2_common/pico_mem_ops/mem_ops_aeabi.S.obj
                0x10004208                __wrap_memset
 .text.memcpy   0x10004214        0xc CMakeFiles/temperature.dir/C_/Pico/pico-sdk/src/rp2_common/pico_mem_ops/mem_ops_aeabi.S.obj
                0x10004214                __wrap_memcpy
                0x10004214                __wrap___aeabi_memcpy
 .text.stdio_out_chars_no_crlf
                0x10004220        0xe CMakeFiles/temperature.dir/C_/Pico/pico-sdk/src/rp2_common/pico_stdio/stdio.c.obj
 *fill*         0x1000422e        0x2 
 .text.stdio_out_chars_crlf
                0x10004230       0x80 CMakeFiles/temperature.dir/C_/Pico/pico-sdk/src/rp2_common/pico_stdio/stdio.c.obj
 .text.stdio_stack_buffer_flush
                0x100042b0       0x44 CMakeFiles/temperature.dir/C_/Pico/pico-sdk/src/rp2_common/pico_stdio/stdio.c.obj
 .text.stdio_buffered_printer
                0x100042f4       0x20 CMakeFiles/temperature.dir/C_/Pico/pico-sdk/src/rp2_common/pico_stdio/stdio.c.obj
 .text.stdout_serialize_begin
                0x10004314       0x30 CMakeFiles/temperature.dir/C_/Pico/pico-sdk/src/rp2_common/pico_stdio/stdio.c.obj
                0x10004314                stdout_serialize_begin
 .text.stdout_serialize_end
                0x10004344       0x10 CMakeFiles/temperature.dir/C_/Pico/pico-sdk/src/rp2_common/pico_stdio/stdio.c.obj
                0x10004344                stdout_serialize_end
 .text.stdio_put_string
                0x10004354       0x98 CMakeFiles/temperature.dir/C_/Pico/pico-sdk/src/rp2_common/pico_stdio/stdio.c.obj
 .text.stdio_set_driver_enabled
                0x100043ec       0x38 CMakeFiles/temperature.dir/C_/Pico/pico-sdk/src/rp2_common/pico_stdio/stdio.c.obj
                0x100043ec                stdio_set_driver_enabled
 .text.stdio_flush
                0x10004424       0x20 CMakeFiles/temperature.dir/C_/Pico/pico-sdk/src/rp2_common/pico_stdio/stdio.c.obj
                0x10004424                stdio_flush
 .text.__wrap_puts
                0x10004444       0x1e CMakeFiles/temperature.dir/C_/Pico/pico-sdk/src/rp2_common/pico_stdio/stdio.c.obj
                0x10004444                __wrap_puts
 *fill*         0x10004462        0x2 
 .text.__wrap_vprintf
                0x10004464       0x44 CMakeFiles/temperature.dir/C_/Pico/pico-sdk/src/rp2_common/pico_stdio/stdio.c.obj
                0x10004464                __wrap_vprintf
 .text.__wrap_printf
                0x100044a8       0x18 CMakeFiles/temperature.dir/C_/Pico/pico-sdk/src/rp2_common/pico_stdio/stdio.c.obj
                0x100044a8                __wrap_printf
 .text.stdio_init_all
                0x100044c0        0x8 CMakeFiles/temperature.dir/C_/Pico/pico-sdk/src/rp2_common/pico_stdio/stdio.c.obj
                0x100044c0                stdio_init_all
 .text.resetd_init
                0x100044c8        0x2 CMakeFiles/temperature.dir/C_/Pico/pico-sdk/src/rp2_common/pico_stdio_usb/reset_interface.c.obj
 *fill*         0x100044ca        0x2 
 .text.resetd_reset
                0x100044cc        0xc CMakeFiles/temperature.dir/C_/Pico/pico-sdk/src/rp2_common/pico_stdio_usb/reset_interface.c.obj
 .text.resetd_open
                0x100044d8       0x34 CMakeFiles/temperature.dir/C_/Pico/pico-sdk/src/rp2_common/pico_stdio_usb/reset_interface.c.obj
 .text.resetd_xfer_cb
                0x1000450c        0x4 CMakeFiles/temperature.dir/C_/Pico/pico-sdk/src/rp2_common/pico_stdio_usb/reset_interface.c.obj
 .text.reset_usb_boot
                0x10004510       0x18 CMakeFiles/temperature.dir/C_/Pico/pico-sdk/src/rp2_common/pico_stdio_usb/reset_interface.c.obj
 .text.resetd_control_xfer_cb
                0x10004528       0x5c CMakeFiles/temperature.dir/C_/Pico/pico-sdk/src/rp2_common/pico_stdio_usb/reset_interface.c.obj
 .text.usbd_app_driver_get_cb
                0x10004584        0xc CMakeFiles/temperature.dir/C_/Pico/pico-sdk/src/rp2_common/pico_stdio_usb/reset_interface.c.obj
                0x10004584                usbd_app_driver_get_cb
 .text.tud_cdc_line_coding_cb
                0x10004590       0x28 CMakeFiles/temperature.dir/C_/Pico/pico-sdk/src/rp2_common/pico_stdio_usb/reset_interface.c.obj
                0x10004590                tud_cdc_line_coding_cb
 .text.stdio_usb_in_chars
                0x100045b8       0x70 CMakeFiles/temperature.dir/C_/Pico/pico-sdk/src/rp2_common/pico_stdio_usb/stdio_usb.c.obj
                0x100045b8                stdio_usb_in_chars
 .text.low_priority_worker_irq
                0x10004628       0x20 CMakeFiles/temperature.dir/C_/Pico/pico-sdk/src/rp2_common/pico_stdio_usb/stdio_usb.c.obj
 .text.stdio_usb_out_chars
                0x10004648       0xd4 CMakeFiles/temperature.dir/C_/Pico/pico-sdk/src/rp2_common/pico_stdio_usb/stdio_usb.c.obj
 .text.timer_task
                0x1000471c       0x10 CMakeFiles/temperature.dir/C_/Pico/pico-sdk/src/rp2_common/pico_stdio_usb/stdio_usb.c.obj
 .text.stdio_usb_init
                0x1000472c       0xb8 CMakeFiles/temperature.dir/C_/Pico/pico-sdk/src/rp2_common/pico_stdio_usb/stdio_usb.c.obj
                0x1000472c                stdio_usb_init
 .text.tud_descriptor_device_cb
                0x100047e4        0x8 CMakeFiles/temperature.dir/C_/Pico/pico-sdk/src/rp2_common/pico_stdio_usb/stdio_usb_descriptors.c.obj
                0x100047e4                tud_descriptor_device_cb
 .text.tud_descriptor_configuration_cb
                0x100047ec        0x8 CMakeFiles/temperature.dir/C_/Pico/pico-sdk/src/rp2_common/pico_stdio_usb/stdio_usb_descriptors.c.obj
                0x100047ec                tud_descriptor_configuration_cb
 .text.tud_descriptor_string_cb
                0x100047f4       0x6c CMakeFiles/temperature.dir/C_/Pico/pico-sdk/src/rp2_common/pico_stdio_usb/stdio_usb_descriptors.c.obj
                0x100047f4                tud_descriptor_string_cb
 .text.hw_endpoint_get_by_addr
                0x10004860       0x18 CMakeFiles/temperature.dir/C_/Pico/pico-sdk/lib/tinyusb/src/portable/raspberrypi/rp2040/dcd_rp2040.c.obj
 .text.reset_ep0_pid
                0x10004878       0x28 CMakeFiles/temperature.dir/C_/Pico/pico-sdk/lib/tinyusb/src/portable/raspberrypi/rp2040/dcd_rp2040.c.obj
 .text._hw_endpoint_alloc
                0x100048a0       0x70 CMakeFiles/temperature.dir/C_/Pico/pico-sdk/lib/tinyusb/src/portable/raspberrypi/rp2040/dcd_rp2040.c.obj
 .text.hw_endpoint_init
                0x10004910       0x88 CMakeFiles/temperature.dir/C_/Pico/pico-sdk/lib/tinyusb/src/portable/raspberrypi/rp2040/dcd_rp2040.c.obj
 .text.reset_non_control_endpoints
                0x10004998       0x40 CMakeFiles/temperature.dir/C_/Pico/pico-sdk/lib/tinyusb/src/portable/raspberrypi/rp2040/dcd_rp2040.c.obj
 .text.hw_handle_buff_status
                0x100049d8       0x8c CMakeFiles/temperature.dir/C_/Pico/pico-sdk/lib/tinyusb/src/portable/raspberrypi/rp2040/dcd_rp2040.c.obj
 .text.dcd_rp2040_irq
                0x10004a64       0xc0 CMakeFiles/temperature.dir/C_/Pico/pico-sdk/lib/tinyusb/src/portable/raspberrypi/rp2040/dcd_rp2040.c.obj
 .text.hw_endpoint_xfer
                0x10004b24       0x14 CMakeFiles/temperature.dir/C_/Pico/pico-sdk/lib/tinyusb/src/portable/raspberrypi/rp2040/dcd_rp2040.c.obj
 .text.dcd_int_enable
                0x10004b38       0x2c CMakeFiles/temperature.dir/C_/Pico/pico-sdk/lib/tinyusb/src/portable/raspberrypi/rp2040/dcd_rp2040.c.obj
                0x10004b38                dcd_int_enable
 .text.dcd_set_address
                0x10004b64       0x2c CMakeFiles/temperature.dir/C_/Pico/pico-sdk/lib/tinyusb/src/portable/raspberrypi/rp2040/dcd_rp2040.c.obj
                0x10004b64                dcd_set_address
 .text.dcd_connect
                0x10004b90       0x10 CMakeFiles/temperature.dir/C_/Pico/pico-sdk/lib/tinyusb/src/portable/raspberrypi/rp2040/dcd_rp2040.c.obj
                0x10004b90                dcd_connect
 .text.dcd_init
                0x10004ba0       0x7c CMakeFiles/temperature.dir/C_/Pico/pico-sdk/lib/tinyusb/src/portable/raspberrypi/rp2040/dcd_rp2040.c.obj
                0x10004ba0                dcd_init
 .text.dcd_edpt0_status_complete
                0x10004c1c       0x1c CMakeFiles/temperature.dir/C_/Pico/pico-sdk/lib/tinyusb/src/portable/raspberrypi/rp2040/dcd_rp2040.c.obj
                0x10004c1c                dcd_edpt0_status_complete
 .text.dcd_edpt_open
                0x10004c38       0x40 CMakeFiles/temperature.dir/C_/Pico/pico-sdk/lib/tinyusb/src/portable/raspberrypi/rp2040/dcd_rp2040.c.obj
                0x10004c38                dcd_edpt_open
 .text.dcd_edpt_close_all
                0x10004c78        0x8 CMakeFiles/temperature.dir/C_/Pico/pico-sdk/lib/tinyusb/src/portable/raspberrypi/rp2040/dcd_rp2040.c.obj
                0x10004c78                dcd_edpt_close_all
 .text.dcd_edpt_xfer
                0x10004c80       0x30 CMakeFiles/temperature.dir/C_/Pico/pico-sdk/lib/tinyusb/src/portable/raspberrypi/rp2040/dcd_rp2040.c.obj
                0x10004c80                dcd_edpt_xfer
 .text.dcd_edpt_stall
                0x10004cb0       0x2c CMakeFiles/temperature.dir/C_/Pico/pico-sdk/lib/tinyusb/src/portable/raspberrypi/rp2040/dcd_rp2040.c.obj
                0x10004cb0                dcd_edpt_stall
 .text.dcd_edpt_clear_stall
                0x10004cdc       0x20 CMakeFiles/temperature.dir/C_/Pico/pico-sdk/lib/tinyusb/src/portable/raspberrypi/rp2040/dcd_rp2040.c.obj
                0x10004cdc                dcd_edpt_clear_stall
 .text.prepare_ep_buffer
                0x10004cfc       0x70 CMakeFiles/temperature.dir/C_/Pico/pico-sdk/lib/tinyusb/src/portable/raspberrypi/rp2040/rp2040_usb.c.obj
 .text.sync_ep_buffer
                0x10004d6c       0x7c CMakeFiles/temperature.dir/C_/Pico/pico-sdk/lib/tinyusb/src/portable/raspberrypi/rp2040/rp2040_usb.c.obj
 .text._hw_endpoint_xfer_sync
                0x10004de8       0x28 CMakeFiles/temperature.dir/C_/Pico/pico-sdk/lib/tinyusb/src/portable/raspberrypi/rp2040/rp2040_usb.c.obj
 .text.rp2040_usb_init
                0x10004e10       0x4c CMakeFiles/temperature.dir/C_/Pico/pico-sdk/lib/tinyusb/src/portable/raspberrypi/rp2040/rp2040_usb.c.obj
                0x10004e10                rp2040_usb_init
 .text.hw_endpoint_reset_transfer
                0x10004e5c        0xc CMakeFiles/temperature.dir/C_/Pico/pico-sdk/lib/tinyusb/src/portable/raspberrypi/rp2040/rp2040_usb.c.obj
                0x10004e5c                hw_endpoint_reset_transfer
 .text._hw_endpoint_buffer_control_update32
                0x10004e68       0x58 CMakeFiles/temperature.dir/C_/Pico/pico-sdk/lib/tinyusb/src/portable/raspberrypi/rp2040/rp2040_usb.c.obj
                0x10004e68                _hw_endpoint_buffer_control_update32
 .text._hw_endpoint_start_next_buffer
                0x10004ec0       0x74 CMakeFiles/temperature.dir/C_/Pico/pico-sdk/lib/tinyusb/src/portable/raspberrypi/rp2040/rp2040_usb.c.obj
 .text.hw_endpoint_xfer_start
                0x10004f34       0x48 CMakeFiles/temperature.dir/C_/Pico/pico-sdk/lib/tinyusb/src/portable/raspberrypi/rp2040/rp2040_usb.c.obj
                0x10004f34                hw_endpoint_xfer_start
 .text.hw_endpoint_xfer_continue
                0x10004f7c       0x38 CMakeFiles/temperature.dir/C_/Pico/pico-sdk/lib/tinyusb/src/portable/raspberrypi/rp2040/rp2040_usb.c.obj
                0x10004f7c                hw_endpoint_xfer_continue
 .text.configuration_reset
                0x10004fb4       0x84 CMakeFiles/temperature.dir/C_/Pico/pico-sdk/lib/tinyusb/src/device/usbd.c.obj
 .text.usbd_reset
                0x10005038        0xc CMakeFiles/temperature.dir/C_/Pico/pico-sdk/lib/tinyusb/src/device/usbd.c.obj
 .text.invoke_class_control
                0x10005044       0x1a CMakeFiles/temperature.dir/C_/Pico/pico-sdk/lib/tinyusb/src/device/usbd.c.obj
 *fill*         0x1000505e        0x2 
 .text.process_set_config
                0x10005060      0x1b0 CMakeFiles/temperature.dir/C_/Pico/pico-sdk/lib/tinyusb/src/device/usbd.c.obj
 .text.process_get_descriptor
                0x10005210       0xec CMakeFiles/temperature.dir/C_/Pico/pico-sdk/lib/tinyusb/src/device/usbd.c.obj
 .text.tud_mounted
                0x100052fc       0x10 CMakeFiles/temperature.dir/C_/Pico/pico-sdk/lib/tinyusb/src/device/usbd.c.obj
                0x100052fc                tud_mounted
 .text.tud_suspended
                0x1000530c       0x10 CMakeFiles/temperature.dir/C_/Pico/pico-sdk/lib/tinyusb/src/device/usbd.c.obj
                0x1000530c                tud_suspended
 .text.tud_inited
                0x1000531c        0xc CMakeFiles/temperature.dir/C_/Pico/pico-sdk/lib/tinyusb/src/device/usbd.c.obj
                0x1000531c                tud_inited
 .text.tud_init
                0x10005328       0xcc CMakeFiles/temperature.dir/C_/Pico/pico-sdk/lib/tinyusb/src/device/usbd.c.obj
                0x10005328                tud_init
 .text.dcd_event_handler
                0x100053f4      0x1e0 CMakeFiles/temperature.dir/C_/Pico/pico-sdk/lib/tinyusb/src/device/usbd.c.obj
                0x100053f4                dcd_event_handler
 .text.dcd_event_bus_signal
                0x100055d4       0x26 CMakeFiles/temperature.dir/C_/Pico/pico-sdk/lib/tinyusb/src/device/usbd.c.obj
                0x100055d4                dcd_event_bus_signal
 .text.dcd_event_bus_reset
                0x100055fa       0x2a CMakeFiles/temperature.dir/C_/Pico/pico-sdk/lib/tinyusb/src/device/usbd.c.obj
                0x100055fa                dcd_event_bus_reset
 .text.dcd_event_setup_received
                0x10005624       0x34 CMakeFiles/temperature.dir/C_/Pico/pico-sdk/lib/tinyusb/src/device/usbd.c.obj
                0x10005624                dcd_event_setup_received
 .text.dcd_event_xfer_complete
                0x10005658       0x44 CMakeFiles/temperature.dir/C_/Pico/pico-sdk/lib/tinyusb/src/device/usbd.c.obj
                0x10005658                dcd_event_xfer_complete
 .text.usbd_edpt_open
                0x1000569c       0x58 CMakeFiles/temperature.dir/C_/Pico/pico-sdk/lib/tinyusb/src/device/usbd.c.obj
                0x1000569c                usbd_edpt_open
 .text.usbd_open_edpt_pair
                0x100056f4       0x8c CMakeFiles/temperature.dir/C_/Pico/pico-sdk/lib/tinyusb/src/device/usbd.c.obj
                0x100056f4                usbd_open_edpt_pair
 .text.usbd_edpt_claim
                0x10005780       0x8c CMakeFiles/temperature.dir/C_/Pico/pico-sdk/lib/tinyusb/src/device/usbd.c.obj
                0x10005780                usbd_edpt_claim
 .text.usbd_edpt_release
                0x1000580c       0x68 CMakeFiles/temperature.dir/C_/Pico/pico-sdk/lib/tinyusb/src/device/usbd.c.obj
                0x1000580c                usbd_edpt_release
 .text.usbd_edpt_xfer
                0x10005874       0x80 CMakeFiles/temperature.dir/C_/Pico/pico-sdk/lib/tinyusb/src/device/usbd.c.obj
                0x10005874                usbd_edpt_xfer
 .text.usbd_edpt_stall
                0x100058f4       0x40 CMakeFiles/temperature.dir/C_/Pico/pico-sdk/lib/tinyusb/src/device/usbd.c.obj
                0x100058f4                usbd_edpt_stall
 .text.usbd_edpt_clear_stall
                0x10005934       0x40 CMakeFiles/temperature.dir/C_/Pico/pico-sdk/lib/tinyusb/src/device/usbd.c.obj
                0x10005934                usbd_edpt_clear_stall
 .text.usbd_edpt_stalled
                0x10005974       0x1c CMakeFiles/temperature.dir/C_/Pico/pico-sdk/lib/tinyusb/src/device/usbd.c.obj
                0x10005974                usbd_edpt_stalled
 .text.process_control_request
                0x10005990      0x3b8 CMakeFiles/temperature.dir/C_/Pico/pico-sdk/lib/tinyusb/src/device/usbd.c.obj
 .text.tud_task
                0x10005d48      0x218 CMakeFiles/temperature.dir/C_/Pico/pico-sdk/lib/tinyusb/src/device/usbd.c.obj
                0x10005d48                tud_task
 .text._data_stage_xact
                0x10005f60       0x58 CMakeFiles/temperature.dir/C_/Pico/pico-sdk/lib/tinyusb/src/device/usbd_control.c.obj
 .text.tud_control_status
                0x10005fb8       0x38 CMakeFiles/temperature.dir/C_/Pico/pico-sdk/lib/tinyusb/src/device/usbd_control.c.obj
                0x10005fb8                tud_control_status
 .text.tud_control_xfer
                0x10005ff0       0xa8 CMakeFiles/temperature.dir/C_/Pico/pico-sdk/lib/tinyusb/src/device/usbd_control.c.obj
                0x10005ff0                tud_control_xfer
 .text.usbd_control_reset
                0x10006098       0x14 CMakeFiles/temperature.dir/C_/Pico/pico-sdk/lib/tinyusb/src/device/usbd_control.c.obj
                0x10006098                usbd_control_reset
 .text.usbd_control_set_complete_callback
                0x100060ac        0xc CMakeFiles/temperature.dir/C_/Pico/pico-sdk/lib/tinyusb/src/device/usbd_control.c.obj
                0x100060ac                usbd_control_set_complete_callback
 .text.usbd_control_set_request
                0x100060b8       0x1c CMakeFiles/temperature.dir/C_/Pico/pico-sdk/lib/tinyusb/src/device/usbd_control.c.obj
                0x100060b8                usbd_control_set_request
 .text.usbd_control_xfer_cb
                0x100060d4       0xfc CMakeFiles/temperature.dir/C_/Pico/pico-sdk/lib/tinyusb/src/device/usbd_control.c.obj
                0x100060d4                usbd_control_xfer_cb
 .text._prep_out_transaction
                0x100061d0       0x46 CMakeFiles/temperature.dir/C_/Pico/pico-sdk/lib/tinyusb/src/class/cdc/cdc_device.c.obj
 *fill*         0x10006216        0x2 
 .text.tud_cdc_n_connected
                0x10006218       0x44 CMakeFiles/temperature.dir/C_/Pico/pico-sdk/lib/tinyusb/src/class/cdc/cdc_device.c.obj
                0x10006218                tud_cdc_n_connected
 .text.tud_cdc_n_available
                0x1000625c       0x18 CMakeFiles/temperature.dir/C_/Pico/pico-sdk/lib/tinyusb/src/class/cdc/cdc_device.c.obj
                0x1000625c                tud_cdc_n_available
 .text.tud_cdc_n_read
                0x10006274       0x28 CMakeFiles/temperature.dir/C_/Pico/pico-sdk/lib/tinyusb/src/class/cdc/cdc_device.c.obj
                0x10006274                tud_cdc_n_read
 .text.tud_cdc_n_write_flush
                0x1000629c       0xcc CMakeFiles/temperature.dir/C_/Pico/pico-sdk/lib/tinyusb/src/class/cdc/cdc_device.c.obj
                0x1000629c                tud_cdc_n_write_flush
 .text.tud_cdc_n_write
                0x10006368       0x38 CMakeFiles/temperature.dir/C_/Pico/pico-sdk/lib/tinyusb/src/class/cdc/cdc_device.c.obj
                0x10006368                tud_cdc_n_write
 .text.tud_cdc_n_write_available
                0x100063a0       0x1c CMakeFiles/temperature.dir/C_/Pico/pico-sdk/lib/tinyusb/src/class/cdc/cdc_device.c.obj
                0x100063a0                tud_cdc_n_write_available
 .text.cdcd_init
                0x100063bc       0xbc CMakeFiles/temperature.dir/C_/Pico/pico-sdk/lib/tinyusb/src/class/cdc/cdc_device.c.obj
                0x100063bc                cdcd_init
 .text.cdcd_reset
                0x10006478       0x44 CMakeFiles/temperature.dir/C_/Pico/pico-sdk/lib/tinyusb/src/class/cdc/cdc_device.c.obj
                0x10006478                cdcd_reset
 .text.cdcd_open
                0x100064bc       0xf8 CMakeFiles/temperature.dir/C_/Pico/pico-sdk/lib/tinyusb/src/class/cdc/cdc_device.c.obj
                0x100064bc                cdcd_open
 .text.cdcd_control_xfer_cb
                0x100065b4      0x134 CMakeFiles/temperature.dir/C_/Pico/pico-sdk/lib/tinyusb/src/class/cdc/cdc_device.c.obj
                0x100065b4                cdcd_control_xfer_cb
 .text.cdcd_xfer_cb
                0x100066e8      0x144 CMakeFiles/temperature.dir/C_/Pico/pico-sdk/lib/tinyusb/src/class/cdc/cdc_device.c.obj
                0x100066e8                cdcd_xfer_cb
 .text.tusb_init
                0x1000682c       0x24 CMakeFiles/temperature.dir/C_/Pico/pico-sdk/lib/tinyusb/src/tusb.c.obj
                0x1000682c                tusb_init
 .text.tusb_inited
                0x10006850        0xe CMakeFiles/temperature.dir/C_/Pico/pico-sdk/lib/tinyusb/src/tusb.c.obj
                0x10006850                tusb_inited
 *fill*         0x1000685e        0x2 
 .text.tu_edpt_validate
                0x10006860       0xa8 CMakeFiles/temperature.dir/C_/Pico/pico-sdk/lib/tinyusb/src/tusb.c.obj
                0x10006860                tu_edpt_validate
 .text.tu_edpt_bind_driver
                0x10006908       0x2a CMakeFiles/temperature.dir/C_/Pico/pico-sdk/lib/tinyusb/src/tusb.c.obj
                0x10006908                tu_edpt_bind_driver
 .text.advance_pointer
                0x10006932       0x18 CMakeFiles/temperature.dir/C_/Pico/pico-sdk/lib/tinyusb/src/common/tusb_fifo.c.obj
 .text.backward_pointer
                0x1000694a       0x1e CMakeFiles/temperature.dir/C_/Pico/pico-sdk/lib/tinyusb/src/common/tusb_fifo.c.obj
 .text.get_relative_pointer
                0x10006968       0x10 CMakeFiles/temperature.dir/C_/Pico/pico-sdk/lib/tinyusb/src/common/tusb_fifo.c.obj
 .text._tu_fifo_peek
                0x10006978       0x50 CMakeFiles/temperature.dir/C_/Pico/pico-sdk/lib/tinyusb/src/common/tusb_fifo.c.obj
 .text._ff_pull_const_addr
                0x100069c8       0x4c CMakeFiles/temperature.dir/C_/Pico/pico-sdk/lib/tinyusb/src/common/tusb_fifo.c.obj
 .text._ff_pull_n
                0x10006a14      0x10c CMakeFiles/temperature.dir/C_/Pico/pico-sdk/lib/tinyusb/src/common/tusb_fifo.c.obj
 .text._tu_fifo_peek_n
                0x10006b20       0x5e CMakeFiles/temperature.dir/C_/Pico/pico-sdk/lib/tinyusb/src/common/tusb_fifo.c.obj
 .text._tu_fifo_read_n
                0x10006b7e       0x4e CMakeFiles/temperature.dir/C_/Pico/pico-sdk/lib/tinyusb/src/common/tusb_fifo.c.obj
 .text._ff_push_const_addr
                0x10006bcc       0x40 CMakeFiles/temperature.dir/C_/Pico/pico-sdk/lib/tinyusb/src/common/tusb_fifo.c.obj
 .text._ff_push_n
                0x10006c0c      0x108 CMakeFiles/temperature.dir/C_/Pico/pico-sdk/lib/tinyusb/src/common/tusb_fifo.c.obj
 .text._tu_fifo_write_n
                0x10006d14       0x9e CMakeFiles/temperature.dir/C_/Pico/pico-sdk/lib/tinyusb/src/common/tusb_fifo.c.obj
 .text.tu_fifo_config
                0x10006db2       0x72 CMakeFiles/temperature.dir/C_/Pico/pico-sdk/lib/tinyusb/src/common/tusb_fifo.c.obj
                0x10006db2                tu_fifo_config
 .text.tu_fifo_count
                0x10006e24       0x26 CMakeFiles/temperature.dir/C_/Pico/pico-sdk/lib/tinyusb/src/common/tusb_fifo.c.obj
                0x10006e24                tu_fifo_count
 .text.tu_fifo_empty
                0x10006e4a       0x10 CMakeFiles/temperature.dir/C_/Pico/pico-sdk/lib/tinyusb/src/common/tusb_fifo.c.obj
                0x10006e4a                tu_fifo_empty
 .text.tu_fifo_remaining
                0x10006e5a       0x20 CMakeFiles/temperature.dir/C_/Pico/pico-sdk/lib/tinyusb/src/common/tusb_fifo.c.obj
                0x10006e5a                tu_fifo_remaining
 .text.tu_fifo_read
                0x10006e7a       0x42 CMakeFiles/temperature.dir/C_/Pico/pico-sdk/lib/tinyusb/src/common/tusb_fifo.c.obj
                0x10006e7a                tu_fifo_read
 .text.tu_fifo_read_n
                0x10006ebc        0xa CMakeFiles/temperature.dir/C_/Pico/pico-sdk/lib/tinyusb/src/common/tusb_fifo.c.obj
                0x10006ebc                tu_fifo_read_n
 .text.tu_fifo_write
                0x10006ec6       0x6c CMakeFiles/temperature.dir/C_/Pico/pico-sdk/lib/tinyusb/src/common/tusb_fifo.c.obj
                0x10006ec6                tu_fifo_write
 .text.tu_fifo_write_n
                0x10006f32        0xa CMakeFiles/temperature.dir/C_/Pico/pico-sdk/lib/tinyusb/src/common/tusb_fifo.c.obj
                0x10006f32                tu_fifo_write_n
 .text.tu_fifo_clear
                0x10006f3c       0x4c CMakeFiles/temperature.dir/C_/Pico/pico-sdk/lib/tinyusb/src/common/tusb_fifo.c.obj
                0x10006f3c                tu_fifo_clear
 .text.tu_fifo_set_overwritable
                0x10006f88       0x3c CMakeFiles/temperature.dir/C_/Pico/pico-sdk/lib/tinyusb/src/common/tusb_fifo.c.obj
                0x10006f88                tu_fifo_set_overwritable
 .text._retrieve_unique_id_on_boot
                0x10006fc4       0x10 CMakeFiles/temperature.dir/C_/Pico/pico-sdk/src/rp2_common/pico_unique_id/unique_id.c.obj
 .text.pico_get_unique_board_id_string
                0x10006fd4       0x60 CMakeFiles/temperature.dir/C_/Pico/pico-sdk/src/rp2_common/pico_unique_id/unique_id.c.obj
                0x10006fd4                pico_get_unique_board_id_string
 .text.flash_get_unique_id
                0x10007034       0x46 CMakeFiles/temperature.dir/C_/Pico/pico-sdk/src/rp2_common/hardware_flash/flash.c.obj
                0x10007034                flash_get_unique_id
 *fill*         0x1000707a        0x2 
 .text.adc_init
                0x1000707c       0x34 CMakeFiles/temperature.dir/C_/Pico/pico-sdk/src/rp2_common/hardware_adc/adc.c.obj
                0x1000707c                adc_init
 .text.strlen   0x100070b0       0x5c c:/progra~2/gnuarm~1/102020~1/bin/../lib/gcc/arm-none-eabi/10.2.1/../../../../arm-none-eabi/lib/thumb/v6-m/nofp\libg.a(lib_a-strlen-stub.o)
                0x100070b0                strlen
 *(.fini)
 .fini          0x1000710c        0x4 c:/progra~2/gnuarm~1/102020~1/bin/../lib/gcc/arm-none-eabi/10.2.1/thumb/v6-m/nofp/crti.o
                0x1000710c                _fini
 .fini.__stub   0x10007110       0x70 linker stubs
 *crtbegin.o(.ctors)
 *crtbegin?.o(.ctors)
 *(EXCLUDE_FILE(*crtend.o *crtend?.o) .ctors)
 *(SORT_BY_NAME(.ctors.*))
 *(.ctors)
 *crtbegin.o(.dtors)
 *crtbegin?.o(.dtors)
 *(EXCLUDE_FILE(*crtend.o *crtend?.o) .dtors)
 *(SORT_BY_NAME(.dtors.*))
 *(.dtors)
 *(.eh_frame*)
 .eh_frame      0x10007180        0x0 c:/progra~2/gnuarm~1/102020~1/bin/../lib/gcc/arm-none-eabi/10.2.1/thumb/v6-m/nofp/crtbegin.o
                0x10007180                . = ALIGN (0x4)

.glue_7         0x10007180        0x0
 .glue_7        0x10007180        0x0 linker stubs

.glue_7t        0x10007180        0x0
 .glue_7t       0x10007180        0x0 linker stubs

.vfp11_veneer   0x10007180        0x0
 .vfp11_veneer  0x10007180        0x0 linker stubs

.v4_bx          0x10007180        0x0
 .v4_bx         0x10007180        0x0 linker stubs

.iplt           0x10007180        0x0
 .iplt          0x10007180        0x0 c:/progra~2/gnuarm~1/102020~1/bin/../lib/gcc/arm-none-eabi/10.2.1/thumb/v6-m/nofp/crtbegin.o

.rodata         0x10007180     0x1500
 *(EXCLUDE_FILE(*libm.a: *libc.a:*lib_a-mem*.o *libgcc.a:) .rodata*)
 .rodata.main.str1.4
                0x10007180        0xd CMakeFiles/temperature.dir/temperature.c.obj
 *fill*         0x1000718d        0x3 
 .rodata.spin_lock_claim_unused.str1.4
                0x10007190       0x1b CMakeFiles/temperature.dir/C_/Pico/pico-sdk/src/rp2_common/hardware_sync/sync.c.obj
 *fill*         0x100071ab        0x1 
 .rodata.repeating_timer_callback.str1.4
                0x100071ac       0x41 CMakeFiles/temperature.dir/C_/Pico/pico-sdk/src/common/pico_time/time.c.obj
 *fill*         0x100071ed        0x3 
 .rodata.alarm_pool_dump_key.str1.4
                0x100071f0       0x33 CMakeFiles/temperature.dir/C_/Pico/pico-sdk/src/common/pico_time/time.c.obj
 *fill*         0x10007223        0x1 
 .rodata.ph_add_child_node.str1.4
                0x10007224       0x8a CMakeFiles/temperature.dir/C_/Pico/pico-sdk/src/common/pico_time/time.c.obj
 *fill*         0x100072ae        0x2 
 .rodata.add_alarm_under_lock.str1.4
                0x100072b0       0x28 CMakeFiles/temperature.dir/C_/Pico/pico-sdk/src/common/pico_time/time.c.obj
                                 0x2b (size before relaxing)
 .rodata.alarm_pool_alarm_callback.str1.4
                0x100072d8       0xda CMakeFiles/temperature.dir/C_/Pico/pico-sdk/src/common/pico_time/time.c.obj
 *fill*         0x100073b2        0x2 
 .rodata.alarm_pool_get_default.str1.4
                0x100073b4       0x21 CMakeFiles/temperature.dir/C_/Pico/pico-sdk/src/common/pico_time/time.c.obj
 *fill*         0x100073d5        0x3 
 .rodata.alarm_pool_cancel_alarm.str1.4
                0x100073d8       0x27 CMakeFiles/temperature.dir/C_/Pico/pico-sdk/src/common/pico_time/time.c.obj
 *fill*         0x100073ff        0x1 
 .rodata.sleep_until.str1.4
                0x10007400       0x4d CMakeFiles/temperature.dir/C_/Pico/pico-sdk/src/common/pico_time/time.c.obj
 *fill*         0x1000744d        0x3 
 .rodata.__func__.1
                0x10007450       0x18 CMakeFiles/temperature.dir/C_/Pico/pico-sdk/src/common/pico_time/time.c.obj
 .rodata.__func__.10
                0x10007468       0x15 CMakeFiles/temperature.dir/C_/Pico/pico-sdk/src/common/pico_time/time.c.obj
 *fill*         0x1000747d        0x3 
 .rodata.__func__.11
                0x10007480       0x1a CMakeFiles/temperature.dir/C_/Pico/pico-sdk/src/common/pico_time/time.c.obj
 *fill*         0x1000749a        0x2 
 .rodata.__func__.12
                0x1000749c        0xa CMakeFiles/temperature.dir/C_/Pico/pico-sdk/src/common/pico_time/time.c.obj
 *fill*         0x100074a6        0x2 
 .rodata.__func__.3
                0x100074a8       0x17 CMakeFiles/temperature.dir/C_/Pico/pico-sdk/src/common/pico_time/time.c.obj
 *fill*         0x100074bf        0x1 
 .rodata.__func__.4
                0x100074c0       0x12 CMakeFiles/temperature.dir/C_/Pico/pico-sdk/src/common/pico_time/time.c.obj
 *fill*         0x100074d2        0x2 
 .rodata.__func__.5
                0x100074d4        0xd CMakeFiles/temperature.dir/C_/Pico/pico-sdk/src/common/pico_time/time.c.obj
 *fill*         0x100074e1        0x3 
 .rodata.__func__.6
                0x100074e4       0x12 CMakeFiles/temperature.dir/C_/Pico/pico-sdk/src/common/pico_time/time.c.obj
 *fill*         0x100074f6        0x2 
 .rodata.__func__.7
                0x100074f8        0xf CMakeFiles/temperature.dir/C_/Pico/pico-sdk/src/common/pico_time/time.c.obj
 *fill*         0x10007507        0x1 
 .rodata.__func__.8
                0x10007508        0xc CMakeFiles/temperature.dir/C_/Pico/pico-sdk/src/common/pico_time/time.c.obj
 .rodata.__func__.9
                0x10007514       0x15 CMakeFiles/temperature.dir/C_/Pico/pico-sdk/src/common/pico_time/time.c.obj
 *fill*         0x10007529        0x3 
 .rodata.hardware_alarm_claim.str1.4
                0x1000752c       0x22 CMakeFiles/temperature.dir/C_/Pico/pico-sdk/src/rp2_common/hardware_timer/timer.c.obj
 *fill*         0x1000754e        0x2 
 .rodata.hardware_alarm_set_target.str1.4
                0x10007550       0x5b CMakeFiles/temperature.dir/C_/Pico/pico-sdk/src/rp2_common/hardware_timer/timer.c.obj
 *fill*         0x100075ab        0x1 
 .rodata.__func__.0
                0x100075ac       0x1a CMakeFiles/temperature.dir/C_/Pico/pico-sdk/src/rp2_common/hardware_timer/timer.c.obj
 *fill*         0x100075c6        0x2 
 .rodata.str1.4
                0x100075c8       0x81 CMakeFiles/temperature.dir/C_/Pico/pico-sdk/src/common/pico_sync/mutex.c.obj
                                 0xd9 (size before relaxing)
 *fill*         0x10007649        0x3 
 .rodata.__func__.1
                0x1000764c        0xb CMakeFiles/temperature.dir/C_/Pico/pico-sdk/src/common/pico_sync/mutex.c.obj
 *fill*         0x10007657        0x1 
 .rodata.__func__.3
                0x10007658       0x18 CMakeFiles/temperature.dir/C_/Pico/pico-sdk/src/common/pico_sync/mutex.c.obj
 .rodata.__func__.4
                0x10007670       0x15 CMakeFiles/temperature.dir/C_/Pico/pico-sdk/src/common/pico_sync/mutex.c.obj
 .rodata.ph_add_child_node.str1.4
                0x10007685       0x8a CMakeFiles/temperature.dir/C_/Pico/pico-sdk/src/common/pico_util/pheap.c.obj
 *fill*         0x10007685        0x3 
 .rodata.ph_remove_any_head.str1.4
                0x10007688       0x84 CMakeFiles/temperature.dir/C_/Pico/pico-sdk/src/common/pico_util/pheap.c.obj
 .rodata.ph_remove_and_free_node.str1.4
                0x1000770c       0x26 CMakeFiles/temperature.dir/C_/Pico/pico-sdk/src/common/pico_util/pheap.c.obj
 *fill*         0x10007732        0x2 
 .rodata.__func__.0
                0x10007734       0x18 CMakeFiles/temperature.dir/C_/Pico/pico-sdk/src/common/pico_util/pheap.c.obj
 .rodata.__func__.1
                0x1000774c       0x13 CMakeFiles/temperature.dir/C_/Pico/pico-sdk/src/common/pico_util/pheap.c.obj
 *fill*         0x1000775f        0x1 
 .rodata.__func__.2
                0x10007760       0x12 CMakeFiles/temperature.dir/C_/Pico/pico-sdk/src/common/pico_util/pheap.c.obj
 *fill*         0x10007772        0x2 
 .rodata.__func__.3
                0x10007774        0xc CMakeFiles/temperature.dir/C_/Pico/pico-sdk/src/common/pico_util/pheap.c.obj
 .rodata.__assert_func.str1.4
                0x10007780       0x3f CMakeFiles/temperature.dir/C_/Pico/pico-sdk/src/rp2_common/pico_runtime/runtime.c.obj
                                 0x43 (size before relaxing)
 *fill*         0x100077bf        0x1 
 .rodata.runtime_init.str1.4
                0x100077c0       0x57 CMakeFiles/temperature.dir/C_/Pico/pico-sdk/src/rp2_common/pico_runtime/runtime.c.obj
 *fill*         0x10007817        0x1 
 .rodata.panic.str1.4
                0x10007818       0x12 CMakeFiles/temperature.dir/C_/Pico/pico-sdk/src/rp2_common/pico_runtime/runtime.c.obj
 *fill*         0x1000782a        0x2 
 .rodata.__func__.1
                0x1000782c        0xd CMakeFiles/temperature.dir/C_/Pico/pico-sdk/src/rp2_common/pico_runtime/runtime.c.obj
 *fill*         0x10007839        0x3 
 .rodata.clock_configure.str1.4
                0x1000783c       0x4d CMakeFiles/temperature.dir/C_/Pico/pico-sdk/src/rp2_common/hardware_clocks/clocks.c.obj
 *fill*         0x10007889        0x3 
 .rodata.__func__.1
                0x1000788c       0x10 CMakeFiles/temperature.dir/C_/Pico/pico-sdk/src/rp2_common/hardware_clocks/clocks.c.obj
 .rodata.make_branch.str1.4
                0x1000789c       0x43 CMakeFiles/temperature.dir/C_/Pico/pico-sdk/src/rp2_common/hardware_irq/irq.c.obj
 *fill*         0x100078df        0x1 
 .rodata.irq_set_exclusive_handler.str1.4
                0x100078e0       0x36 CMakeFiles/temperature.dir/C_/Pico/pico-sdk/src/rp2_common/hardware_irq/irq.c.obj
 *fill*         0x10007916        0x2 
 .rodata.irq_add_shared_handler.str1.4
                0x10007918       0xd9 CMakeFiles/temperature.dir/C_/Pico/pico-sdk/src/rp2_common/hardware_irq/irq.c.obj
 *fill*         0x100079f1        0x3 
 .rodata.irq_remove_handler.str1.4
                0x100079f4       0x2a CMakeFiles/temperature.dir/C_/Pico/pico-sdk/src/rp2_common/hardware_irq/irq.c.obj
 *fill*         0x10007a1e        0x2 
 .rodata.irq_add_tail_to_free_list.str1.4
                0x10007a20       0x32 CMakeFiles/temperature.dir/C_/Pico/pico-sdk/src/rp2_common/hardware_irq/irq.c.obj
                                 0x3a (size before relaxing)
 *fill*         0x10007a52        0x2 
 .rodata.__func__.0
                0x10007a54       0x1a CMakeFiles/temperature.dir/C_/Pico/pico-sdk/src/rp2_common/hardware_irq/irq.c.obj
 *fill*         0x10007a6e        0x2 
 .rodata.__func__.1
                0x10007a70       0x17 CMakeFiles/temperature.dir/C_/Pico/pico-sdk/src/rp2_common/hardware_irq/irq.c.obj
 *fill*         0x10007a87        0x1 
 .rodata.__func__.2
                0x10007a88       0x13 CMakeFiles/temperature.dir/C_/Pico/pico-sdk/src/rp2_common/hardware_irq/irq.c.obj
 *fill*         0x10007a9b        0x1 
 .rodata.__func__.3
                0x10007a9c        0xc CMakeFiles/temperature.dir/C_/Pico/pico-sdk/src/rp2_common/hardware_irq/irq.c.obj
 .rodata.__func__.4
                0x10007aa8        0xf CMakeFiles/temperature.dir/C_/Pico/pico-sdk/src/rp2_common/hardware_irq/irq.c.obj
 *fill*         0x10007ab7        0x1 
 .rodata.__func__.6
                0x10007ab8       0x1a CMakeFiles/temperature.dir/C_/Pico/pico-sdk/src/rp2_common/hardware_irq/irq.c.obj
 *fill*         0x10007ad2        0x2 
 .rodata.pll_init.str1.4
                0x10007ad4       0xcf CMakeFiles/temperature.dir/C_/Pico/pico-sdk/src/rp2_common/hardware_pll/pll.c.obj
 *fill*         0x10007ba3        0x1 
 .rodata.__func__.0
                0x10007ba4        0x9 CMakeFiles/temperature.dir/C_/Pico/pico-sdk/src/rp2_common/hardware_pll/pll.c.obj
 *fill*         0x10007bad        0x3 
 .rodata._ftoa.str1.4
                0x10007bb0       0x15 CMakeFiles/temperature.dir/C_/Pico/pico-sdk/src/rp2_common/pico_printf/printf.c.obj
 *fill*         0x10007bc5        0x3 
 .rodata._vsnprintf
                0x10007bc8      0x1e0 CMakeFiles/temperature.dir/C_/Pico/pico-sdk/src/rp2_common/pico_printf/printf.c.obj
 .rodata.pow10.0
                0x10007da8       0x50 CMakeFiles/temperature.dir/C_/Pico/pico-sdk/src/rp2_common/pico_printf/printf.c.obj
 .rodata.__aeabi_double_init.str1.4
                0x10007df8       0x9e CMakeFiles/temperature.dir/C_/Pico/pico-sdk/src/rp2_common/pico_double/double_init_rom.c.obj
 *fill*         0x10007e96        0x2 
 .rodata.__func__.0
                0x10007e98       0x14 CMakeFiles/temperature.dir/C_/Pico/pico-sdk/src/rp2_common/pico_double/double_init_rom.c.obj
 .rodata.__aeabi_float_init.str1.4
                0x10007eac       0x70 CMakeFiles/temperature.dir/C_/Pico/pico-sdk/src/rp2_common/pico_float/float_init_rom.c.obj
                                 0x74 (size before relaxing)
 .rodata.__func__.0
                0x10007f1c       0x13 CMakeFiles/temperature.dir/C_/Pico/pico-sdk/src/rp2_common/pico_float/float_init_rom.c.obj
 *fill*         0x10007f2f        0x1 
 .rodata.str1.4
                0x10007f30       0x40 CMakeFiles/temperature.dir/C_/Pico/pico-sdk/src/rp2_common/pico_standard_link/binary_info.c.obj
 .rodata.__bi_44
                0x10007f70        0xc CMakeFiles/temperature.dir/C_/Pico/pico-sdk/src/rp2_common/pico_standard_link/binary_info.c.obj
 .rodata.__bi_75
                0x10007f7c        0xc CMakeFiles/temperature.dir/C_/Pico/pico-sdk/src/rp2_common/pico_standard_link/binary_info.c.obj
 .rodata.__bi_81
                0x10007f88        0xc CMakeFiles/temperature.dir/C_/Pico/pico-sdk/src/rp2_common/pico_standard_link/binary_info.c.obj
 .rodata.crlf_str.3
                0x10007f94        0x2 CMakeFiles/temperature.dir/C_/Pico/pico-sdk/src/rp2_common/pico_stdio/stdio.c.obj
 *fill*         0x10007f96        0x2 
 .rodata._resetd_driver
                0x10007f98       0x18 CMakeFiles/temperature.dir/C_/Pico/pico-sdk/src/rp2_common/pico_stdio_usb/reset_interface.c.obj
 .rodata.stdio_usb_init.str1.4
                0x10007fb0       0x57 CMakeFiles/temperature.dir/C_/Pico/pico-sdk/src/rp2_common/pico_stdio_usb/stdio_usb.c.obj
 .rodata.str1.4
                0x10007fb0       0x13 CMakeFiles/temperature.dir/C_/Pico/pico-sdk/src/rp2_common/pico_stdio_usb/stdio_usb.c.obj
 *fill*         0x10007fc3        0x1 
 .rodata.__bi_93.1
                0x10007fc4        0xc CMakeFiles/temperature.dir/C_/Pico/pico-sdk/src/rp2_common/pico_stdio_usb/stdio_usb.c.obj
 .rodata.__func__.0
                0x10007fd0       0x15 CMakeFiles/temperature.dir/C_/Pico/pico-sdk/src/rp2_common/pico_stdio_usb/stdio_usb.c.obj
 *fill*         0x10007fe5        0x3 
 .rodata.str1.4
                0x10007fe8       0x2a CMakeFiles/temperature.dir/C_/Pico/pico-sdk/src/rp2_common/pico_stdio_usb/stdio_usb_descriptors.c.obj
 *fill*         0x10008012        0x2 
 .rodata.usbd_desc_cfg
                0x10008014       0x54 CMakeFiles/temperature.dir/C_/Pico/pico-sdk/src/rp2_common/pico_stdio_usb/stdio_usb_descriptors.c.obj
 .rodata.usbd_desc_device
                0x10008068       0x12 CMakeFiles/temperature.dir/C_/Pico/pico-sdk/src/rp2_common/pico_stdio_usb/stdio_usb_descriptors.c.obj
 *fill*         0x1000807a        0x2 
 .rodata.usbd_desc_str
                0x1000807c       0x18 CMakeFiles/temperature.dir/C_/Pico/pico-sdk/src/rp2_common/pico_stdio_usb/stdio_usb_descriptors.c.obj
 .rodata._hw_endpoint_alloc.str1.4
                0x10008094       0xad CMakeFiles/temperature.dir/C_/Pico/pico-sdk/lib/tinyusb/src/portable/raspberrypi/rp2040/dcd_rp2040.c.obj
 *fill*         0x10008141        0x3 
 .rodata.dcd_rp2040_irq.str1.4
                0x10008144       0x14 CMakeFiles/temperature.dir/C_/Pico/pico-sdk/lib/tinyusb/src/portable/raspberrypi/rp2040/dcd_rp2040.c.obj
 .rodata.dcd_int_enable.str1.4
                0x10008158        0xc CMakeFiles/temperature.dir/C_/Pico/pico-sdk/lib/tinyusb/src/portable/raspberrypi/rp2040/dcd_rp2040.c.obj
 .rodata.__func__.0
                0x10008164        0xe CMakeFiles/temperature.dir/C_/Pico/pico-sdk/lib/tinyusb/src/portable/raspberrypi/rp2040/dcd_rp2040.c.obj
 *fill*         0x10008172        0x2 
 .rodata.__func__.1
                0x10008174        0xe CMakeFiles/temperature.dir/C_/Pico/pico-sdk/lib/tinyusb/src/portable/raspberrypi/rp2040/dcd_rp2040.c.obj
 *fill*         0x10008182        0x2 
 .rodata.__func__.3
                0x10008184       0x10 CMakeFiles/temperature.dir/C_/Pico/pico-sdk/lib/tinyusb/src/portable/raspberrypi/rp2040/dcd_rp2040.c.obj
 .rodata.__func__.5
                0x10008194        0xf CMakeFiles/temperature.dir/C_/Pico/pico-sdk/lib/tinyusb/src/portable/raspberrypi/rp2040/dcd_rp2040.c.obj
 *fill*         0x100081a3        0x1 
 .rodata.__func__.6
                0x100081a4       0x13 CMakeFiles/temperature.dir/C_/Pico/pico-sdk/lib/tinyusb/src/portable/raspberrypi/rp2040/dcd_rp2040.c.obj
 *fill*         0x100081b7        0x1 
 .rodata.__func__.7
                0x100081b8        0x9 CMakeFiles/temperature.dir/C_/Pico/pico-sdk/lib/tinyusb/src/portable/raspberrypi/rp2040/dcd_rp2040.c.obj
 *fill*         0x100081c1        0x3 
 .rodata.sync_ep_buffer.str1.4
                0x100081c4       0x89 CMakeFiles/temperature.dir/C_/Pico/pico-sdk/lib/tinyusb/src/portable/raspberrypi/rp2040/rp2040_usb.c.obj
 *fill*         0x1000824d        0x3 
 .rodata._hw_endpoint_buffer_control_update32.str1.4
                0x10008250       0x1f CMakeFiles/temperature.dir/C_/Pico/pico-sdk/lib/tinyusb/src/portable/raspberrypi/rp2040/rp2040_usb.c.obj
 *fill*         0x1000826f        0x1 
 .rodata.hw_endpoint_xfer_start.str1.4
                0x10008270       0x38 CMakeFiles/temperature.dir/C_/Pico/pico-sdk/lib/tinyusb/src/portable/raspberrypi/rp2040/rp2040_usb.c.obj
 .rodata.hw_endpoint_xfer_continue.str1.4
                0x100082a8       0x29 CMakeFiles/temperature.dir/C_/Pico/pico-sdk/lib/tinyusb/src/portable/raspberrypi/rp2040/rp2040_usb.c.obj
 *fill*         0x100082d1        0x3 
 .rodata.str1.4
                0x100082d4        0x7 CMakeFiles/temperature.dir/C_/Pico/pico-sdk/lib/tinyusb/src/portable/raspberrypi/rp2040/rp2040_usb.c.obj
 *fill*         0x100082db        0x1 
 .rodata.__func__.0
                0x100082dc        0xf CMakeFiles/temperature.dir/C_/Pico/pico-sdk/lib/tinyusb/src/portable/raspberrypi/rp2040/rp2040_usb.c.obj
 *fill*         0x100082eb        0x1 
 .rodata.process_set_config.str1.4
                0x100082ec       0x17 CMakeFiles/temperature.dir/C_/Pico/pico-sdk/lib/tinyusb/src/device/usbd.c.obj
 *fill*         0x10008303        0x1 
 .rodata.process_get_descriptor
                0x10008304       0x40 CMakeFiles/temperature.dir/C_/Pico/pico-sdk/lib/tinyusb/src/device/usbd.c.obj
 .rodata.process_control_request
                0x10008344       0x28 CMakeFiles/temperature.dir/C_/Pico/pico-sdk/lib/tinyusb/src/device/usbd.c.obj
 .rodata.tud_task
                0x1000836c       0x24 CMakeFiles/temperature.dir/C_/Pico/pico-sdk/lib/tinyusb/src/device/usbd.c.obj
 .rodata.__func__.2
                0x10008390        0xf CMakeFiles/temperature.dir/C_/Pico/pico-sdk/lib/tinyusb/src/device/usbd.c.obj
 *fill*         0x1000839f        0x1 
 .rodata.__func__.3
                0x100083a0        0xf CMakeFiles/temperature.dir/C_/Pico/pico-sdk/lib/tinyusb/src/device/usbd.c.obj
 *fill*         0x100083af        0x1 
 .rodata.__func__.4
                0x100083b0       0x14 CMakeFiles/temperature.dir/C_/Pico/pico-sdk/lib/tinyusb/src/device/usbd.c.obj
 .rodata.__func__.5
                0x100083c4       0x10 CMakeFiles/temperature.dir/C_/Pico/pico-sdk/lib/tinyusb/src/device/usbd.c.obj
 .rodata.__func__.6
                0x100083d4       0x17 CMakeFiles/temperature.dir/C_/Pico/pico-sdk/lib/tinyusb/src/device/usbd.c.obj
 *fill*         0x100083eb        0x1 
 .rodata.__func__.7
                0x100083ec       0x13 CMakeFiles/temperature.dir/C_/Pico/pico-sdk/lib/tinyusb/src/device/usbd.c.obj
 *fill*         0x100083ff        0x1 
 .rodata.__func__.8
                0x10008400       0x18 CMakeFiles/temperature.dir/C_/Pico/pico-sdk/lib/tinyusb/src/device/usbd.c.obj
 .rodata.__func__.9
                0x10008418        0x9 CMakeFiles/temperature.dir/C_/Pico/pico-sdk/lib/tinyusb/src/device/usbd.c.obj
 *fill*         0x10008421        0x3 
 .rodata._usbd_driver
                0x10008424       0x18 CMakeFiles/temperature.dir/C_/Pico/pico-sdk/lib/tinyusb/src/device/usbd.c.obj
 .rodata.tud_control_xfer.str1.4
                0x1000843c       0x17 CMakeFiles/temperature.dir/C_/Pico/pico-sdk/lib/tinyusb/src/device/usbd_control.c.obj
 .rodata.__func__.0
                0x1000843c       0x15 CMakeFiles/temperature.dir/C_/Pico/pico-sdk/lib/tinyusb/src/device/usbd_control.c.obj
 *fill*         0x10008451        0x3 
 .rodata.__func__.1
                0x10008454       0x11 CMakeFiles/temperature.dir/C_/Pico/pico-sdk/lib/tinyusb/src/device/usbd_control.c.obj
 .rodata.tud_cdc_n_write_flush.str1.4
                0x10008465       0x17 CMakeFiles/temperature.dir/C_/Pico/pico-sdk/lib/tinyusb/src/class/cdc/cdc_device.c.obj
 *fill*         0x10008465        0x3 
 .rodata.__func__.0
                0x10008468        0xd CMakeFiles/temperature.dir/C_/Pico/pico-sdk/lib/tinyusb/src/class/cdc/cdc_device.c.obj
 *fill*         0x10008475        0x3 
 .rodata.__func__.1
                0x10008478        0xa CMakeFiles/temperature.dir/C_/Pico/pico-sdk/lib/tinyusb/src/class/cdc/cdc_device.c.obj
 *fill*         0x10008482        0x2 
 .rodata.__func__.2
                0x10008484       0x16 CMakeFiles/temperature.dir/C_/Pico/pico-sdk/lib/tinyusb/src/class/cdc/cdc_device.c.obj
 .rodata.tusb_init.str1.4
                0x1000849a       0x17 CMakeFiles/temperature.dir/C_/Pico/pico-sdk/lib/tinyusb/src/tusb.c.obj
 *fill*         0x1000849a        0x2 
 .rodata.__func__.0
                0x1000849c       0x11 CMakeFiles/temperature.dir/C_/Pico/pico-sdk/lib/tinyusb/src/tusb.c.obj
 *fill*         0x100084ad        0x3 
 .rodata.__func__.1
                0x100084b0        0xa CMakeFiles/temperature.dir/C_/Pico/pico-sdk/lib/tinyusb/src/tusb.c.obj
 *fill*         0x100084ba        0x2 
 .rodata.pico_get_unique_board_id_string.str1.4
                0x100084bc       0x43 CMakeFiles/temperature.dir/C_/Pico/pico-sdk/src/rp2_common/pico_unique_id/unique_id.c.obj
 *fill*         0x100084ff        0x1 
 .rodata.__func__.0
                0x10008500       0x20 CMakeFiles/temperature.dir/C_/Pico/pico-sdk/src/rp2_common/pico_unique_id/unique_id.c.obj
 .rodata.str1.4
                0x10008520      0x14e CMakeFiles/temperature.dir/C_/Pico/pico-sdk/src/rp2_common/hardware_flash/flash.c.obj
 *fill*         0x1000866e        0x2 
 .rodata.__func__.0
                0x10008670        0xd CMakeFiles/temperature.dir/C_/Pico/pico-sdk/src/rp2_common/hardware_flash/flash.c.obj
                0x10008680                . = ALIGN (0x4)
 *fill*         0x1000867d        0x3 
 *(SORT_BY_ALIGNMENT(SORT_BY_NAME(.flashdata*)))
                0x10008680                . = ALIGN (0x4)

.rel.dyn        0x10008680        0x0
 .rel.iplt      0x10008680        0x0 c:/progra~2/gnuarm~1/102020~1/bin/../lib/gcc/arm-none-eabi/10.2.1/thumb/v6-m/nofp/crtbegin.o

.ARM.extab
 *(.ARM.extab* .gnu.linkonce.armextab.*)
                0x10008680                __exidx_start = .

.ARM.exidx
 *(.ARM.exidx* .gnu.linkonce.armexidx.*)
                0x10008680                __exidx_end = .
                0x10008680                . = ALIGN (0x4)
                0x10008680                __binary_info_start = .

.binary_info    0x10008680       0x20
 *(.binary_info.keep.*)
 .binary_info.keep.__bi_ptr22
                0x10008680        0x4 CMakeFiles/temperature.dir/C_/Pico/pico-sdk/src/rp2_common/pico_standard_link/binary_info.c.obj
 .binary_info.keep.__bi_ptr30
                0x10008684        0x4 CMakeFiles/temperature.dir/C_/Pico/pico-sdk/src/rp2_common/pico_standard_link/binary_info.c.obj
 .binary_info.keep.__bi_ptr38
                0x10008688        0x4 CMakeFiles/temperature.dir/C_/Pico/pico-sdk/src/rp2_common/pico_standard_link/binary_info.c.obj
 .binary_info.keep.__bi_ptr44
                0x1000868c        0x4 CMakeFiles/temperature.dir/C_/Pico/pico-sdk/src/rp2_common/pico_standard_link/binary_info.c.obj
 .binary_info.keep.__bi_ptr50
                0x10008690        0x4 CMakeFiles/temperature.dir/C_/Pico/pico-sdk/src/rp2_common/pico_standard_link/binary_info.c.obj
 .binary_info.keep.__bi_ptr75
                0x10008694        0x4 CMakeFiles/temperature.dir/C_/Pico/pico-sdk/src/rp2_common/pico_standard_link/binary_info.c.obj
 .binary_info.keep.__bi_ptr81
                0x10008698        0x4 CMakeFiles/temperature.dir/C_/Pico/pico-sdk/src/rp2_common/pico_standard_link/binary_info.c.obj
 *(.binary_info.*)
 .binary_info.__bi_ptr93
                0x1000869c        0x4 CMakeFiles/temperature.dir/C_/Pico/pico-sdk/src/rp2_common/pico_stdio_usb/stdio_usb.c.obj
                0x100086a0                __binary_info_end = .
                0x100086a0                . = ALIGN (0x4)
                0x100086a0                __etext = .

.ram_vector_table
                0x20000000       0xc0
 *(.ram_vector_table)
 .ram_vector_table
                0x20000000       0xc0 CMakeFiles/temperature.dir/C_/Pico/pico-sdk/src/rp2_common/pico_runtime/runtime.c.obj
                0x20000000                ram_vector_table

.data           0x200000c0      0x460 load address 0x100086a0
                0x200000c0                __data_start__ = .
 *(vtable)
 *(.time_critical*)
 .time_critical.mutex_enter_blocking
                0x200000c0       0x48 CMakeFiles/temperature.dir/C_/Pico/pico-sdk/src/common/pico_sync/mutex.c.obj
                0x200000c0                mutex_enter_blocking
 .time_critical.mutex_try_enter
                0x20000108       0x46 CMakeFiles/temperature.dir/C_/Pico/pico-sdk/src/common/pico_sync/mutex.c.obj
                0x20000108                mutex_try_enter
 *fill*         0x2000014e        0x2 
 .time_critical.mutex_enter_block_until
                0x20000150       0x8c CMakeFiles/temperature.dir/C_/Pico/pico-sdk/src/common/pico_sync/mutex.c.obj
                0x20000150                mutex_enter_block_until
 .time_critical.mutex_enter_timeout_ms
                0x200001dc       0x74 CMakeFiles/temperature.dir/C_/Pico/pico-sdk/src/common/pico_sync/mutex.c.obj
                0x200001dc                mutex_enter_timeout_ms
 .time_critical.mutex_exit
                0x20000250       0x4c CMakeFiles/temperature.dir/C_/Pico/pico-sdk/src/common/pico_sync/mutex.c.obj
                0x20000250                mutex_exit
 .time_critical.flash_init_boot2_copyout
                0x2000029c       0x30 CMakeFiles/temperature.dir/C_/Pico/pico-sdk/src/rp2_common/hardware_flash/flash.c.obj
 .time_critical.flash_enable_xip_via_boot2
                0x200002cc       0x10 CMakeFiles/temperature.dir/C_/Pico/pico-sdk/src/rp2_common/hardware_flash/flash.c.obj
 .time_critical.flash_cs_force
                0x200002dc       0x28 CMakeFiles/temperature.dir/C_/Pico/pico-sdk/src/rp2_common/hardware_flash/flash.c.obj
 .time_critical.flash_do_cmd
                0x20000304       0xd8 CMakeFiles/temperature.dir/C_/Pico/pico-sdk/src/rp2_common/hardware_flash/flash.c.obj
                0x20000304                flash_do_cmd
 *(.text*)
 .text          0x200003dc        0x4 c:/progra~2/gnuarm~1/102020~1/bin/../lib/gcc/arm-none-eabi/10.2.1/thumb/v6-m/nofp\libgcc.a(_dvmd_tls.o)
                0x200003dc                __aeabi_idiv0
                0x200003dc                __aeabi_ldiv0
 .text.__stub   0x200003e0       0x40 linker stubs
                0x20000420                . = ALIGN (0x4)
 *(.rodata*)
                0x20000420                . = ALIGN (0x4)
 *(.data*)
 .data.striped_spin_lock_num
                0x20000420        0x1 CMakeFiles/temperature.dir/C_/Pico/pico-sdk/src/rp2_common/hardware_sync/sync.c.obj
 *fill*         0x20000421        0x3 
 .data.default_alarm_pool
                0x20000424       0x18 CMakeFiles/temperature.dir/C_/Pico/pico-sdk/src/common/pico_time/time.c.obj
 .data.default_alarm_pool_heap
                0x2000043c       0x10 CMakeFiles/temperature.dir/C_/Pico/pico-sdk/src/common/pico_time/time.c.obj
 .data          0x2000044c       0x48 CMakeFiles/temperature.dir/C_/Pico/pico-sdk/src/rp2_common/hardware_irq/irq_handler_chain.S.obj
                0x2000044c                irq_handler_chain_slots
                0x2000047c                irq_handler_chain_first_slot
                0x20000486                irq_handler_chain_remove_tail
 *fill*         0x20000494        0xc 
 .data.aeabi_bits_funcs
                0x200004a0       0x10 CMakeFiles/temperature.dir/C_/Pico/pico-sdk/src/rp2_common/pico_bit_ops/bit_ops_aeabi.S.obj
                0x200004a0                aeabi_bits_funcs
                0x200004b0                aeabi_bits_funcs_end
 .data.aeabi_mem_funcs
                0x200004b0       0x10 CMakeFiles/temperature.dir/C_/Pico/pico-sdk/src/rp2_common/pico_mem_ops/mem_ops_aeabi.S.obj
                0x200004b0                aeabi_mem_funcs
                0x200004c0                aeabi_mem_funcs_end
 .data.stdio_usb
                0x200004c0       0x14 CMakeFiles/temperature.dir/C_/Pico/pico-sdk/src/rp2_common/pico_stdio_usb/stdio_usb.c.obj
                0x200004c0                stdio_usb
 .data.ep_dir_string
                0x200004d4        0x8 CMakeFiles/temperature.dir/C_/Pico/pico-sdk/lib/tinyusb/src/portable/raspberrypi/rp2040/rp2040_usb.c.obj
                0x200004d4                ep_dir_string
 .data._usbd_qdef
                0x200004dc       0x24 CMakeFiles/temperature.dir/C_/Pico/pico-sdk/lib/tinyusb/src/device/usbd.c.obj
                0x200004dc                _usbd_qdef
                0x20000500                . = ALIGN (0x4)
 *(.after_data.*)
                0x20000500                . = ALIGN (0x4)
                0x20000500                PROVIDE (__mutex_array_start = .)
 *(SORT_BY_NAME(.mutex_array.*))
 *(.mutex_array)
 .mutex_array   0x20000500        0x8 CMakeFiles/temperature.dir/C_/Pico/pico-sdk/src/rp2_common/pico_stdio/stdio.c.obj
                0x20000508                PROVIDE (__mutex_array_end = .)
                0x20000508                . = ALIGN (0x4)
                0x20000508                PROVIDE (__preinit_array_start = .)
 *(SORT_BY_NAME(.preinit_array.*))
 .preinit_array.00001
                0x20000508        0x4 CMakeFiles/temperature.dir/C_/Pico/pico-sdk/src/rp2_common/pico_mem_ops/mem_ops_aeabi.S.obj
 .preinit_array.00010
                0x2000050c        0x4 CMakeFiles/temperature.dir/C_/Pico/pico-sdk/src/rp2_common/pico_bit_ops/bit_ops_aeabi.S.obj
 .preinit_array.00020
                0x20000510        0x4 CMakeFiles/temperature.dir/C_/Pico/pico-sdk/src/rp2_common/pico_double/double_aeabi.S.obj
 .preinit_array.00020
                0x20000514        0x4 CMakeFiles/temperature.dir/C_/Pico/pico-sdk/src/rp2_common/pico_float/float_aeabi.S.obj
 *(.preinit_array)
                0x20000518                PROVIDE (__preinit_array_end = .)
                0x20000518                . = ALIGN (0x4)
                0x20000518                PROVIDE (__init_array_start = .)
 *(SORT_BY_NAME(.init_array.*))
 *(.init_array)
 .init_array    0x20000518        0x4 c:/progra~2/gnuarm~1/102020~1/bin/../lib/gcc/arm-none-eabi/10.2.1/thumb/v6-m/nofp/crtbegin.o
 .init_array    0x2000051c        0x4 CMakeFiles/temperature.dir/C_/Pico/pico-sdk/src/rp2_common/pico_unique_id/unique_id.c.obj
                0x20000520                PROVIDE (__init_array_end = .)
                0x20000520                . = ALIGN (0x4)
                [!provide]                PROVIDE (__fini_array_start = .)
 *(SORT_BY_NAME(.fini_array.*))
 *(.fini_array)
                [!provide]                PROVIDE (__fini_array_end = .)
 *(.jcr)
                0x20000520                . = ALIGN (0x4)
                0x20000520                __data_end__ = .

.igot.plt       0x20000520        0x0 load address 0x10008b00
 .igot.plt      0x20000520        0x0 c:/progra~2/gnuarm~1/102020~1/bin/../lib/gcc/arm-none-eabi/10.2.1/thumb/v6-m/nofp/crtbegin.o

.uninitialized_data
                0x20000520        0x0 load address 0x10008b00
                0x20000520                . = ALIGN (0x4)
 *(.uninitialized_data*)

.scratch_x      0x20040000        0x0 load address 0x10008b00
                0x20040000                __scratch_x_start__ = .
 *(.scratch_x.*)
                0x20040000                . = ALIGN (0x4)
                0x20040000                __scratch_x_end__ = .
                0x10008b00                __scratch_x_source__ = LOADADDR (.scratch_x)

.scratch_y      0x20041000        0x0 load address 0x10008b00
                0x20041000                __scratch_y_start__ = .
 *(.scratch_y.*)
                0x20041000                . = ALIGN (0x4)
                0x20041000                __scratch_y_end__ = .
                0x10008b00                __scratch_y_source__ = LOADADDR (.scratch_y)

.bss            0x20000520      0xd7c
                0x20000520                . = ALIGN (0x4)
                0x20000520                __bss_start__ = .
 *(SORT_BY_ALIGNMENT(SORT_BY_NAME(.bss*)))
 .bss.default_alarm_pool_entries
                0x20000520      0x100 CMakeFiles/temperature.dir/C_/Pico/pico-sdk/src/common/pico_time/time.c.obj
 .bss.last_avail_time.2
                0x20000620        0x8 CMakeFiles/temperature.dir/C_/Pico/pico-sdk/src/rp2_common/pico_stdio_usb/stdio_usb.c.obj
 .bss           0x20000628       0x1c c:/progra~2/gnuarm~1/102020~1/bin/../lib/gcc/arm-none-eabi/10.2.1/thumb/v6-m/nofp/crtbegin.o
 .bss._app_driver
                0x20000644        0x4 CMakeFiles/temperature.dir/C_/Pico/pico-sdk/lib/tinyusb/src/device/usbd.c.obj
 .bss._cdcd_itf
                0x20000648      0x2d8 CMakeFiles/temperature.dir/C_/Pico/pico-sdk/lib/tinyusb/src/class/cdc/cdc_device.c.obj
 .bss._ctrl_xfer
                0x20000920       0x14 CMakeFiles/temperature.dir/C_/Pico/pico-sdk/lib/tinyusb/src/device/usbd_control.c.obj
 .bss._ubsd_mutexdef
                0x20000934        0x8 CMakeFiles/temperature.dir/C_/Pico/pico-sdk/lib/tinyusb/src/device/usbd.c.obj
 .bss._usbd_ctrl_buf
                0x2000093c       0x40 CMakeFiles/temperature.dir/C_/Pico/pico-sdk/lib/tinyusb/src/device/usbd_control.c.obj
 .bss._usbd_dev
                0x2000097c       0x53 CMakeFiles/temperature.dir/C_/Pico/pico-sdk/lib/tinyusb/src/device/usbd.c.obj
 *fill*         0x200009cf        0x1 
 .bss._usbd_mutex
                0x200009d0        0x4 CMakeFiles/temperature.dir/C_/Pico/pico-sdk/lib/tinyusb/src/device/usbd.c.obj
 .bss._usbd_q   0x200009d4        0x4 CMakeFiles/temperature.dir/C_/Pico/pico-sdk/lib/tinyusb/src/device/usbd.c.obj
 .bss._usbd_qdef_buf
                0x200009d8       0xc0 CMakeFiles/temperature.dir/C_/Pico/pico-sdk/lib/tinyusb/src/device/usbd.c.obj
                0x200009d8                _usbd_qdef_buf
 .bss.alarm_callbacks
                0x20000a98       0x10 CMakeFiles/temperature.dir/C_/Pico/pico-sdk/src/rp2_common/hardware_timer/timer.c.obj
 .bss.boot2_copyout
                0x20000aa8      0x100 CMakeFiles/temperature.dir/C_/Pico/pico-sdk/src/rp2_common/hardware_flash/flash.c.obj
 .bss.claimed   0x20000ba8        0x4 CMakeFiles/temperature.dir/C_/Pico/pico-sdk/src/rp2_common/hardware_sync/sync.c.obj
 .bss.configured_freq
                0x20000bac       0x28 CMakeFiles/temperature.dir/C_/Pico/pico-sdk/src/rp2_common/hardware_clocks/clocks.c.obj
 .bss.default_alarm_pool_entry_ids_high
                0x20000bd4       0x10 CMakeFiles/temperature.dir/C_/Pico/pico-sdk/src/common/pico_time/time.c.obj
 .bss.default_alarm_pool_heap_nodes
                0x20000be4       0x30 CMakeFiles/temperature.dir/C_/Pico/pico-sdk/src/common/pico_time/time.c.obj
 .bss.desc_str.0
                0x20000c14       0x28 CMakeFiles/temperature.dir/C_/Pico/pico-sdk/src/rp2_common/pico_stdio_usb/stdio_usb_descriptors.c.obj
 .bss.drivers   0x20000c3c        0x4 CMakeFiles/temperature.dir/C_/Pico/pico-sdk/src/rp2_common/pico_stdio/stdio.c.obj
 .bss.filter    0x20000c40        0x4 CMakeFiles/temperature.dir/C_/Pico/pico-sdk/src/rp2_common/pico_stdio/stdio.c.obj
 .bss.hw_endpoints
                0x20000c44      0x400 CMakeFiles/temperature.dir/C_/Pico/pico-sdk/lib/tinyusb/src/portable/raspberrypi/rp2040/dcd_rp2040.c.obj
 .bss.load_value
                0x20001044        0x4 CMakeFiles/temperature.dir/C_/Pico/pico-sdk/src/rp2_common/hardware_watchdog/watchdog.c.obj
 .bss.next_buffer_ptr
                0x20001048        0x4 CMakeFiles/temperature.dir/C_/Pico/pico-sdk/lib/tinyusb/src/portable/raspberrypi/rp2040/dcd_rp2040.c.obj
 .bss.pools     0x2000104c       0x10 CMakeFiles/temperature.dir/C_/Pico/pico-sdk/src/common/pico_time/time.c.obj
 .bss.retrieved_id
                0x2000105c        0x8 CMakeFiles/temperature.dir/C_/Pico/pico-sdk/src/rp2_common/pico_unique_id/unique_id.c.obj
 .bss.sd_table  0x20001064      0x100 CMakeFiles/temperature.dir/C_/Pico/pico-sdk/src/rp2_common/pico_double/double_init_rom.c.obj
                0x20001064                sd_table
 .bss.sf_clz_func
                0x20001164        0x4 CMakeFiles/temperature.dir/C_/Pico/pico-sdk/src/rp2_common/pico_double/double_init_rom.c.obj
                0x20001164                sf_clz_func
 .bss.sf_table  0x20001168      0x100 CMakeFiles/temperature.dir/C_/Pico/pico-sdk/src/rp2_common/pico_float/float_init_rom.c.obj
                0x20001168                sf_table
 .bss.sleep_notifier
                0x20001268        0x4 CMakeFiles/temperature.dir/C_/Pico/pico-sdk/src/common/pico_time/time.c.obj
 .bss.stdio_usb_mutex
                0x2000126c        0x8 CMakeFiles/temperature.dir/C_/Pico/pico-sdk/src/rp2_common/pico_stdio_usb/stdio_usb.c.obj
 .bss.target_hi
                0x20001274       0x10 CMakeFiles/temperature.dir/C_/Pico/pico-sdk/src/rp2_common/hardware_timer/timer.c.obj
 .bss.usbd_serial_str
                0x20001284       0x11 CMakeFiles/temperature.dir/C_/Pico/pico-sdk/src/rp2_common/pico_stdio_usb/stdio_usb_descriptors.c.obj
 .bss._app_driver_count
                0x20001295        0x1 CMakeFiles/temperature.dir/C_/Pico/pico-sdk/lib/tinyusb/src/device/usbd.c.obj
 .bss._usbd_initialized
                0x20001296        0x1 CMakeFiles/temperature.dir/C_/Pico/pico-sdk/lib/tinyusb/src/device/usbd.c.obj
 .bss.boot2_copyout_valid
                0x20001297        0x1 CMakeFiles/temperature.dir/C_/Pico/pico-sdk/src/rp2_common/hardware_flash/flash.c.obj
 .bss.claimed   0x20001298        0x1 CMakeFiles/temperature.dir/C_/Pico/pico-sdk/src/rp2_common/hardware_timer/timer.c.obj
 .bss.irq_hander_chain_free_slot_head
                0x20001299        0x1 CMakeFiles/temperature.dir/C_/Pico/pico-sdk/src/rp2_common/hardware_irq/irq.c.obj
 .bss.itf_num   0x2000129a        0x1 CMakeFiles/temperature.dir/C_/Pico/pico-sdk/src/rp2_common/pico_stdio_usb/reset_interface.c.obj
 .bss.timer_callbacks_pending